#
# There is insufficient memory for the Java Runtime Environment to continue.
# Native memory allocation (malloc) failed to allocate 32744 bytes. Error detail: Chunk::new
# Possible reasons:
#   The system is out of physical RAM or swap space
#   This process is running with CompressedOops enabled, and the Java Heap may be blocking the growth of the native heap
# Possible solutions:
#   Reduce memory load on the system
#   Increase physical memory or swap space
#   Check if swap backing store is full
#   Decrease Java heap size (-Xmx/-Xms)
#   Decrease number of Java threads
#   Decrease Java thread stack sizes (-Xss)
#   Set larger code cache with -XX:ReservedCodeCacheSize=
#   JVM is running with Unscaled Compressed Oops mode in which the Java heap is
#     placed in the first 4GB address space. The Java Heap base address is the
#     maximum limit for the native heap growth. Please use -XX:HeapBaseMinAddress
#     to set the Java Heap base and to place the Java Heap above 4GB virtual address.
# This output file may be truncated or incomplete.
#
#  Out of Memory Error (arena.cpp:168), pid=23856, tid=18924
#
# JRE version: OpenJDK Runtime Environment Temurin-21.0.11+10 (21.0.11+10) (build 21.0.11+10-LTS)
# Java VM: OpenJDK 64-Bit Server VM Temurin-21.0.11+10 (21.0.11+10-LTS, mixed mode, sharing, tiered, compressed oops, compressed class ptrs, parallel gc, windows-amd64)
# No core dump will be written. Minidumps are not enabled by default on client versions of Windows
#

---------------  S U M M A R Y ------------

Command Line: --add-modules=ALL-SYSTEM --add-opens=java.base/java.util=ALL-UNNAMED --add-opens=java.base/java.lang=ALL-UNNAMED --add-opens=java.base/sun.nio.fs=ALL-UNNAMED -Declipse.application=org.eclipse.jdt.ls.core.id1 -Dosgi.bundles.defaultStartLevel=4 -Declipse.product=org.eclipse.jdt.ls.core.product -Djava.import.generatesMetadataFilesAtProjectRoot=false -DDetectVMInstallationsJob.disabled=true -Dfile.encoding=utf8 -XX:+UseParallelGC -XX:GCTimeRatio=4 -XX:AdaptiveSizePolicyWeight=90 -Dsun.zip.disableMemoryMapping=true -Xmx2G -Xms100m -Xlog:disable -javaagent:c:\Users\rautv\.vscode\extensions\redhat.java-1.55.0-win32-x64\lombok\lombok-1.18.39-4050.jar c:\Users\rautv\.vscode\extensions\redhat.java-1.55.0-win32-x64\server\plugins\org.eclipse.equinox.launcher_1.7.200.v20260619-2039.jar -configuration c:\Users\rautv\AppData\Roaming\Code\User\globalStorage\redhat.java\1.55.0\config_ss_win -data c:\Users\rautv\AppData\Roaming\Code\User\workspaceStorage\4e726a83e9edff56fa38851935d9ae06\redhat.java\ss_ws --pipe=\\.\pipe\lsp-125589e67925cecdca1f732be69eb8d6-sock

Host: 12th Gen Intel(R) Core(TM) i5-1235U, 12 cores, 15G,  Windows 11 , 64 bit Build 26100 (10.0.26100.8521)
Time: Thu Aug 13 11:29:51 2026 India Standard Time elapsed time: 0.740722 seconds (0d 0h 0m 0s)

---------------  T H R E A D  ---------------

Current thread (0x0000019283a0d670):  JavaThread "C2 CompilerThread0" daemon [_thread_in_native, id=18924, stack(0x0000008a70100000,0x0000008a70200000) (1024K)]


Current CompileTask:
C2:740  657       4       lombok.patcher.scripts.MethodLevelPatchScript::patch (21 bytes)

Stack: [0x0000008a70100000,0x0000008a70200000]
Native frames: (J=compiled Java code, j=interpreted, Vv=VM code, C=native code)
V  [jvm.dll+0x6d7e19]
V  [jvm.dll+0x8b5096]
V  [jvm.dll+0x8b764e]
V  [jvm.dll+0x8b7d33]
V  [jvm.dll+0x284596]
V  [jvm.dll+0xc685d]
V  [jvm.dll+0xc6da1]
V  [jvm.dll+0x65fa7d]
V  [jvm.dll+0x65fc0b]
V  [jvm.dll+0x65fc0b]
V  [jvm.dll+0x6658db]
V  [jvm.dll+0x6668d6]
V  [jvm.dll+0x664c1b]
V  [jvm.dll+0x24c57b]
V  [jvm.dll+0x24bce0]
V  [jvm.dll+0x1cb4ae]
V  [jvm.dll+0x25baad]
V  [jvm.dll+0x25a03a]
V  [jvm.dll+0x3f868e]
V  [jvm.dll+0x85fb0d]
V  [jvm.dll+0x6d664d]
C  [ucrtbase.dll+0x2cd30]
C  [KERNEL32.DLL+0x2e957]
C  [ntdll.dll+0x87c1c]


---------------  P R O C E S S  ---------------

Threads class SMR info:
_java_thread_list=0x0000019283d58690, length=12, elements={
0x000001922ab0c8f0, 0x000001922abbe750, 0x000001924159b540, 0x00000192415a06d0,
0x00000192415a1130, 0x00000192839f1f70, 0x00000192415ac740, 0x0000019283a0d670,
0x0000019283a0ddd0, 0x0000019283ac1be0, 0x00000192415ab390, 0x00000192415adaf0
}

Java Threads: ( => current thread )
  0x000001922ab0c8f0 JavaThread "main"                              [_thread_in_vm, id=34856, stack(0x0000008a6f700000,0x0000008a6f800000) (1024K)]
  0x000001922abbe750 JavaThread "Reference Handler"          daemon [_thread_blocked, id=30628, stack(0x0000008a6fb00000,0x0000008a6fc00000) (1024K)]
  0x000001924159b540 JavaThread "Finalizer"                  daemon [_thread_blocked, id=26728, stack(0x0000008a6fc00000,0x0000008a6fd00000) (1024K)]
  0x00000192415a06d0 JavaThread "Signal Dispatcher"          daemon [_thread_blocked, id=34140, stack(0x0000008a6fd00000,0x0000008a6fe00000) (1024K)]
  0x00000192415a1130 JavaThread "Attach Listener"            daemon [_thread_blocked, id=32024, stack(0x0000008a6fe00000,0x0000008a6ff00000) (1024K)]
  0x00000192839f1f70 JavaThread "Service Thread"             daemon [_thread_blocked, id=33872, stack(0x0000008a6ff00000,0x0000008a70000000) (1024K)]
  0x00000192415ac740 JavaThread "Monitor Deflation Thread"   daemon [_thread_blocked, id=31056, stack(0x0000008a70000000,0x0000008a70100000) (1024K)]
=>0x0000019283a0d670 JavaThread "C2 CompilerThread0"         daemon [_thread_in_native, id=18924, stack(0x0000008a70100000,0x0000008a70200000) (1024K)]
  0x0000019283a0ddd0 JavaThread "C1 CompilerThread0"         daemon [_thread_blocked, id=35536, stack(0x0000008a70200000,0x0000008a70300000) (1024K)]
  0x0000019283ac1be0 JavaThread "C2 CompilerThread1"         daemon [_thread_in_native, id=34552, stack(0x0000008a70300000,0x0000008a70400000) (1024K)]
  0x00000192415ab390 JavaThread "Common-Cleaner"             daemon [_thread_blocked, id=31724, stack(0x0000008a70400000,0x0000008a70500000) (1024K)]
  0x00000192415adaf0 JavaThread "Notification Thread"        daemon [_thread_blocked, id=34284, stack(0x0000008a70500000,0x0000008a70600000) (1024K)]
Total: 12

Other Threads:
  0x00000192415943b0 VMThread "VM Thread"                           [id=35160, stack(0x0000008a6fa00000,0x0000008a6fb00000) (1024K)]
  0x000001922ab73a30 WatcherThread "VM Periodic Task Thread"        [id=32072, stack(0x0000008a6f900000,0x0000008a6fa00000) (1024K)]
  0x000001922ab22c60 WorkerThread "GC Thread#0"                     [id=12208, stack(0x0000008a6f800000,0x0000008a6f900000) (1024K)]
Total: 3

Threads with active compile tasks:
C2 CompilerThread0  763  657       4       lombok.patcher.scripts.MethodLevelPatchScript::patch (21 bytes)
C2 CompilerThread1  763  658       4       lombok.patcher.PatchScript::classMatches (41 bytes)
Total: 2

VM state: not at safepoint (normal execution)

VM Mutex/Monitor currently owned by a thread:  ([mutex/lock_event])
[0x00007ffc864dd4f0] Metaspace_lock - owner thread: 0x000001922ab0c8f0

Heap address: 0x0000000080000000, size: 2048 MB, Compressed Oops mode: 32-bit

CDS archive(s) mapped at: [0x0000019242000000-0x0000019242ba0000-0x0000019242ba0000), size 12189696, SharedBaseAddress: 0x0000019242000000, ArchiveRelocationMode: 1.
Compressed class space mapped at: 0x0000019243000000-0x0000019283000000, reserved size: 1073741824
Narrow klass base: 0x0000019242000000, Narrow klass shift: 0, Narrow klass range: 0x100000000

GC Precious Log:
 CardTable entry size: 512
 CPUs: 12 total, 12 available
 Memory: 16077M
 Large Page Support: Disabled
 NUMA Support: Disabled
 Compressed Oops: Enabled (32-bit)
 Alignments: Space 512K, Generation 512K, Heap 2M
 Heap Min Capacity: 100M
 Heap Initial Capacity: 100M
 Heap Max Capacity: 2G
 Pre-touch: Disabled
 Parallel Workers: 10

Heap:
 PSYoungGen      total 29696K, used 14433K [0x00000000d5580000, 0x00000000d7680000, 0x0000000100000000)
  eden space 25600K, 56% used [0x00000000d5580000,0x00000000d6398520,0x00000000d6e80000)
  from space 4096K, 0% used [0x00000000d7280000,0x00000000d7280000,0x00000000d7680000)
  to   space 4096K, 0% used [0x00000000d6e80000,0x00000000d6e80000,0x00000000d7280000)
 ParOldGen       total 68608K, used 0K [0x0000000080000000, 0x0000000084300000, 0x00000000d5580000)
  object space 68608K, 0% used [0x0000000080000000,0x0000000080000000,0x0000000084300000)
 Metaspace       used 2704K, committed 2880K, reserved 1114112K
  class space    used 285K, committed 384K, reserved 1048576K

Card table byte_map: [0x000001922a4c0000,0x000001922a8d0000] _byte_map_base: 0x000001922a0c0000

Marking Bits: (ParMarkBitMap*) 0x00007ffc864e4460
 Begin Bits: [0x000001923cfb0000, 0x000001923efb0000)
 End Bits:   [0x000001923efb0000, 0x0000019240fb0000)

Polling page: 0x0000019228980000

Metaspace:

Usage:
  Non-class:      2.36 MB used.
      Class:    285.54 KB used.
       Both:      2.64 MB used.

Virtual space:
  Non-class space:       64.00 MB reserved,       2.44 MB (  4%) committed,  1 nodes.
      Class space:        1.00 GB reserved,     384.00 KB ( <1%) committed,  1 nodes.
             Both:        1.06 GB reserved,       2.81 MB ( <1%) committed. 

Chunk freelists:
   Non-Class:  11.65 MB
       Class:  15.67 MB
        Both:  27.32 MB

MaxMetaspaceSize: unlimited
CompressedClassSpaceSize: 1.00 GB
Initial GC threshold: 21.00 MB
Current GC threshold: 21.00 MB
CDS: on
 - commit_granule_bytes: 65536.
 - commit_granule_words: 8192.
 - virtual_space_node_default_size: 8388608.
 - enlarge_chunks_in_place: 1.
 - use_allocation_guard: 0.


Internal statistics:

num_allocs_failed_limit: 0.
num_arena_births: 80.
num_arena_deaths: 0.
num_vsnodes_births: 2.
num_vsnodes_deaths: 0.
num_space_committed: 45.
num_space_uncommitted: 0.
num_chunks_returned_to_freelist: 0.
num_chunks_taken_from_freelist: 102.
num_chunk_merges: 0.
num_chunk_splits: 72.
num_chunks_enlarged: 46.
num_inconsistent_stats: 0.

CodeHeap 'non-profiled nmethods': size=120000Kb used=245Kb max_used=245Kb free=119754Kb
 bounds [0x00000192357d0000, 0x0000019235a40000, 0x000001923cd00000]
CodeHeap 'profiled nmethods': size=120000Kb used=967Kb max_used=967Kb free=119032Kb
 bounds [0x000001922dd00000, 0x000001922df70000, 0x0000019235230000]
CodeHeap 'non-nmethods': size=5760Kb used=1180Kb max_used=1192Kb free=4579Kb
 bounds [0x0000019235230000, 0x00000192354a0000, 0x00000192357d0000]
CodeCache: size=245760Kb, used=2392Kb, max_used=2404Kb, free=243365Kb
 total_blobs=1109, nmethods=669, adapters=347, full_count=0
Compilation: enabled, stopped_count=0, restarted_count=0

Compilation events (20 events):
Event: 0.710 Thread 0x0000019283a0ddd0  660       3       java.util.jar.Manifest$FastInputStream::readLine (296 bytes)
Event: 0.711 Thread 0x0000019283ac1be0 nmethod 636 0x000001923580bd10 code [0x000001923580bf20, 0x000001923580c638]
Event: 0.711 Thread 0x0000019283ac1be0  658       4       lombok.patcher.PatchScript::classMatches (41 bytes)
Event: 0.711 Thread 0x0000019283a0ddd0 nmethod 660 0x000001922ddec310 code [0x000001922ddec540, 0x000001922ddecda8]
Event: 0.711 Thread 0x0000019283a0ddd0  662       3       java.lang.String::contains (19 bytes)
Event: 0.711 Thread 0x0000019283a0ddd0 nmethod 662 0x000001922dded110 code [0x000001922dded2e0, 0x000001922dded550]
Event: 0.711 Thread 0x0000019283a0ddd0  663       3       java.util.Objects::checkFromIndexSize (8 bytes)
Event: 0.711 Thread 0x0000019283a0ddd0 nmethod 663 0x000001922dded610 code [0x000001922dded7c0, 0x000001922dded9c8]
Event: 0.712 Thread 0x0000019283a0ddd0  665       3       jdk.internal.util.ArraysSupport::vectorizedHashCode (158 bytes)
Event: 0.712 Thread 0x0000019283a0ddd0 nmethod 665 0x000001922ddedb10 code [0x000001922ddede20, 0x000001922ddeee08]
Event: 0.718 Thread 0x0000019283a0ddd0  668       3       java.lang.Integer::rotateRight (9 bytes)
Event: 0.718 Thread 0x0000019283a0ddd0 nmethod 668 0x000001922ddef190 code [0x000001922ddef320, 0x000001922ddef420]
Event: 0.718 Thread 0x0000019283a0ddd0  669       3       sun.invoke.util.Wrapper::forPrimitiveType (122 bytes)
Event: 0.718 Thread 0x0000019283a0ddd0 nmethod 669 0x000001922ddef490 code [0x000001922ddef760, 0x000001922ddf0240]
Event: 0.730 Thread 0x0000019283a0ddd0  671       3       jdk.internal.org.objectweb.asm.SymbolTable::addConstantNameAndType (137 bytes)
Event: 0.731 Thread 0x0000019283a0ddd0 nmethod 671 0x000001922ddf0510 code [0x000001922ddf0780, 0x000001922ddf0e80]
Event: 0.731 Thread 0x0000019283a0ddd0  672       3       jdk.internal.org.objectweb.asm.SymbolTable::hash (15 bytes)
Event: 0.731 Thread 0x0000019283a0ddd0 nmethod 672 0x000001922ddf1290 code [0x000001922ddf1440, 0x000001922ddf15c0]
Event: 0.731 Thread 0x0000019283a0ddd0  673       3       jdk.internal.org.objectweb.asm.SymbolTable$Entry::<init> (18 bytes)
Event: 0.731 Thread 0x0000019283a0ddd0 nmethod 673 0x000001922ddf1710 code [0x000001922ddf18c0, 0x000001922ddf1a38]

GC Heap History (0 events):
No events

Dll operation events (8 events):
Event: 0.110 Loaded shared library c:\Users\rautv\.vscode\extensions\redhat.java-1.55.0-win32-x64\jre\21.0.11-win32-x86_64\bin\java.dll
Event: 0.208 Loaded shared library c:\Users\rautv\.vscode\extensions\redhat.java-1.55.0-win32-x64\jre\21.0.11-win32-x86_64\bin\zip.dll
Event: 0.229 Loaded shared library C:\Users\rautv\.vscode\extensions\redhat.java-1.55.0-win32-x64\jre\21.0.11-win32-x86_64\bin\instrument.dll
Event: 0.274 Loaded shared library C:\Users\rautv\.vscode\extensions\redhat.java-1.55.0-win32-x64\jre\21.0.11-win32-x86_64\bin\net.dll
Event: 0.320 Loaded shared library C:\Users\rautv\.vscode\extensions\redhat.java-1.55.0-win32-x64\jre\21.0.11-win32-x86_64\bin\nio.dll
Event: 0.324 Loaded shared library C:\Users\rautv\.vscode\extensions\redhat.java-1.55.0-win32-x64\jre\21.0.11-win32-x86_64\bin\zip.dll
Event: 0.346 Loaded shared library C:\Users\rautv\.vscode\extensions\redhat.java-1.55.0-win32-x64\jre\21.0.11-win32-x86_64\bin\jimage.dll
Event: 0.468 Loaded shared library c:\Users\rautv\.vscode\extensions\redhat.java-1.55.0-win32-x64\jre\21.0.11-win32-x86_64\bin\verify.dll

Deoptimization events (20 events):
Event: 0.575 Thread 0x000001922ab0c8f0 DEOPT UNPACKING pc=0x0000019235284242 sp=0x0000008a6f7fbec0 mode 0
Event: 0.582 Thread 0x000001922ab0c8f0 DEOPT PACKING pc=0x000001922dd40718 sp=0x0000008a6f7fa9c0
Event: 0.582 Thread 0x000001922ab0c8f0 DEOPT UNPACKING pc=0x0000019235284242 sp=0x0000008a6f7f9e80 mode 0
Event: 0.585 Thread 0x000001922ab0c8f0 DEOPT PACKING pc=0x000001922dd40718 sp=0x0000008a6f7fa950
Event: 0.585 Thread 0x000001922ab0c8f0 DEOPT UNPACKING pc=0x0000019235284242 sp=0x0000008a6f7f9e10 mode 0
Event: 0.634 Thread 0x000001922ab0c8f0 Uncommon trap: trap_request=0xffffff45 fr.pc=0x00000192357e0484 relative=0x00000000000007c4
Event: 0.634 Thread 0x000001922ab0c8f0 Uncommon trap: reason=unstable_if action=reinterpret pc=0x00000192357e0484 method=java.util.HashMap.putVal(ILjava/lang/Object;Ljava/lang/Object;ZZ)Ljava/lang/Object; @ 181 c2
Event: 0.634 Thread 0x000001922ab0c8f0 DEOPT PACKING pc=0x00000192357e0484 sp=0x0000008a6f7fdb90
Event: 0.634 Thread 0x000001922ab0c8f0 DEOPT UNPACKING pc=0x0000019235283aa2 sp=0x0000008a6f7fdb20 mode 2
Event: 0.667 Thread 0x000001922ab0c8f0 Uncommon trap: trap_request=0xffffff45 fr.pc=0x000001923580136c relative=0x000000000000014c
Event: 0.667 Thread 0x000001922ab0c8f0 Uncommon trap: reason=unstable_if action=reinterpret pc=0x000001923580136c method=jdk.internal.util.ArraysSupport.vectorizedHashCode(Ljava/lang/Object;IIII)I @ 2 c2
Event: 0.667 Thread 0x000001922ab0c8f0 DEOPT PACKING pc=0x000001923580136c sp=0x0000008a6f7fccc0
Event: 0.667 Thread 0x000001922ab0c8f0 DEOPT UNPACKING pc=0x0000019235283aa2 sp=0x0000008a6f7fcc70 mode 2
Event: 0.680 Thread 0x000001922ab0c8f0 Uncommon trap: trap_request=0xffffff45 fr.pc=0x00000192357f17f4 relative=0x00000000000000d4
Event: 0.680 Thread 0x000001922ab0c8f0 Uncommon trap: reason=unstable_if action=reinterpret pc=0x00000192357f17f4 method=java.net.URI.match(CJJ)Z @ 45 c2
Event: 0.680 Thread 0x000001922ab0c8f0 DEOPT PACKING pc=0x00000192357f17f4 sp=0x0000008a6f7fce40
Event: 0.680 Thread 0x000001922ab0c8f0 DEOPT UNPACKING pc=0x0000019235283aa2 sp=0x0000008a6f7fcda8 mode 2
Event: 0.737 Thread 0x000001922ab0c8f0 Uncommon trap: trap_request=0xffffff45 fr.pc=0x00000192357f0724 relative=0x0000000000000184
Event: 0.738 Thread 0x000001922ab0c8f0 Uncommon trap: reason=unstable_if action=reinterpret pc=0x00000192357f0724 method=java.lang.StringUTF16.compress([CI[BII)I @ 20 c2
Event: 0.738 Thread 0x000001922ab0c8f0 DEOPT PACKING pc=0x00000192357f0724 sp=0x0000008a6f7fbad0

Classes loaded (20 events):
Event: 0.733 Loading class jdk/internal/icu/util/VersionInfo
Event: 0.733 Loading class jdk/internal/icu/util/VersionInfo done
Event: 0.734 Loading class jdk/internal/icu/util/CodePointTrie$Fast16
Event: 0.734 Loading class jdk/internal/icu/util/CodePointTrie$Fast
Event: 0.734 Loading class jdk/internal/icu/util/CodePointTrie
Event: 0.734 Loading class jdk/internal/icu/util/CodePointMap
Event: 0.734 Loading class jdk/internal/icu/util/CodePointMap done
Event: 0.734 Loading class jdk/internal/icu/util/CodePointTrie done
Event: 0.734 Loading class jdk/internal/icu/util/CodePointTrie$Fast done
Event: 0.734 Loading class jdk/internal/icu/util/CodePointTrie$Fast16 done
Event: 0.734 Loading class jdk/internal/icu/util/CodePointTrie$Type
Event: 0.735 Loading class jdk/internal/icu/util/CodePointTrie$Type done
Event: 0.735 Loading class jdk/internal/icu/util/CodePointTrie$ValueWidth
Event: 0.735 Loading class jdk/internal/icu/util/CodePointTrie$ValueWidth done
Event: 0.735 Loading class java/nio/ByteBufferAsCharBufferL
Event: 0.736 Loading class java/nio/ByteBufferAsCharBufferL done
Event: 0.736 Loading class jdk/internal/icu/util/CodePointTrie$Data16
Event: 0.736 Loading class jdk/internal/icu/util/CodePointTrie$Data
Event: 0.736 Loading class jdk/internal/icu/util/CodePointTrie$Data done
Event: 0.736 Loading class jdk/internal/icu/util/CodePointTrie$Data16 done

Classes unloaded (0 events):
No events

Classes redefined (0 events):
No events

Internal exceptions (12 events):
Event: 0.205 Thread 0x000001922ab0c8f0 Exception <a 'java/lang/NoSuchMethodError'{0x00000000d5729370}: 'void java.lang.invoke.DirectMethodHandle$Holder.invokeStatic(java.lang.Object, java.lang.Object, java.lang.Object)'> (0x00000000d5729370) 
thrown [s\src\hotspot\share\interpreter\linkResolver.cpp, line 773]
Event: 0.337 Thread 0x000001922ab0c8f0 Exception <a 'java/lang/NoSuchMethodError'{0x00000000d59127d8}: 'java.lang.Object java.lang.invoke.Invokers$Holder.invokeExact_MT(java.lang.Object, java.lang.Object, java.lang.Object, java.lang.Object, java.lang.Object)'> (0x00000000d59127d8) 
thrown [s\src\hotspot\share\interpreter\linkResolver.cpp, line 773]
Event: 0.381 Thread 0x000001922ab0c8f0 Exception <a 'java/lang/NoSuchMethodError'{0x00000000d59cbe30}: 'int java.lang.invoke.DirectMethodHandle$Holder.invokeSpecial(java.lang.Object, java.lang.Object, java.lang.Object, int)'> (0x00000000d59cbe30) 
thrown [s\src\hotspot\share\interpreter\linkResolver.cpp, line 773]
Event: 0.383 Thread 0x000001922ab0c8f0 Exception <a 'java/lang/NoSuchMethodError'{0x00000000d59de818}: 'java.lang.Object java.lang.invoke.DirectMethodHandle$Holder.invokeStatic(java.lang.Object, java.lang.Object, java.lang.Object, java.lang.Object, int)'> (0x00000000d59de818) 
thrown [s\src\hotspot\share\interpreter\linkResolver.cpp, line 773]
Event: 0.386 Thread 0x000001922ab0c8f0 Exception <a 'java/lang/NoSuchMethodError'{0x00000000d59e9c58}: 'void java.lang.invoke.DelegatingMethodHandle$Holder.reinvoke_L(java.lang.Object, java.lang.Object, java.lang.Object, int, java.lang.Object)'> (0x00000000d59e9c58) 
thrown [s\src\hotspot\share\interpreter\linkResolver.cpp, line 773]
Event: 0.389 Thread 0x000001922ab0c8f0 Exception <a 'java/lang/NoSuchMethodError'{0x00000000d59fa750}: 'int java.lang.invoke.DirectMethodHandle$Holder.invokeSpecial(java.lang.Object, java.lang.Object, java.lang.Object)'> (0x00000000d59fa750) 
thrown [s\src\hotspot\share\interpreter\linkResolver.cpp, line 773]
Event: 0.391 Thread 0x000001922ab0c8f0 Exception <a 'java/lang/NoSuchMethodError'{0x00000000d5a06410}: 'java.lang.Object java.lang.invoke.DirectMethodHandle$Holder.invokeStatic(java.lang.Object, java.lang.Object, int)'> (0x00000000d5a06410) 
thrown [s\src\hotspot\share\interpreter\linkResolver.cpp, line 773]
Event: 0.391 Thread 0x000001922ab0c8f0 Exception <a 'java/lang/NoSuchMethodError'{0x00000000d5a0ad60}: 'void java.lang.invoke.DirectMethodHandle$Holder.invokeStatic(java.lang.Object, java.lang.Object, int, java.lang.Object)'> (0x00000000d5a0ad60) 
thrown [s\src\hotspot\share\interpreter\linkResolver.cpp, line 773]
Event: 0.392 Thread 0x000001922ab0c8f0 Exception <a 'java/lang/NoSuchMethodError'{0x00000000d5a0e8f0}: 'void java.lang.invoke.DirectMethodHandle$Holder.invokeSpecial(java.lang.Object, java.lang.Object, java.lang.Object, int, java.lang.Object)'> (0x00000000d5a0e8f0) 
thrown [s\src\hotspot\share\interpreter\linkResolver.cpp, line 773]
Event: 0.393 Thread 0x000001922ab0c8f0 Exception <a 'java/lang/NoSuchMethodError'{0x00000000d5a11fa8}: 'void java.lang.invoke.DelegatingMethodHandle$Holder.delegate(java.lang.Object, java.lang.Object, int, java.lang.Object)'> (0x00000000d5a11fa8) 
thrown [s\src\hotspot\share\interpreter\linkResolver.cpp, line 773]
Event: 0.490 Thread 0x000001922ab0c8f0 Exception <a 'java/lang/NoSuchMethodError'{0x00000000d5bd2ea8}: 'void java.lang.invoke.DelegatingMethodHandle$Holder.reinvoke_L(java.lang.Object, java.lang.Object, java.lang.Object, int)'> (0x00000000d5bd2ea8) 
thrown [s\src\hotspot\share\interpreter\linkResolver.cpp, line 773]
Event: 0.656 Thread 0x000001922ab0c8f0 Exception <a 'java/lang/NoSuchMethodError'{0x00000000d6060760}: 'void java.lang.invoke.DirectMethodHandle$Holder.invokeVirtual(java.lang.Object, java.lang.Object)'> (0x00000000d6060760) 
thrown [s\src\hotspot\share\interpreter\linkResolver.cpp, line 773]

ZGC Phase Switch (0 events):
No events

VM Operations (2 events):
Event: 0.360 Executing non-safepoint VM operation: HandshakeAllThreads (Deoptimize)
Event: 0.360 Executing non-safepoint VM operation: HandshakeAllThreads (Deoptimize) done

Memory protections (0 events):
No events

Nmethod flushes (0 events):
No events

Events (12 events):
Event: 0.159 Thread 0x000001922ab0c8f0 Thread added: 0x000001922ab0c8f0
Event: 0.183 Thread 0x000001922ab0c8f0 Thread added: 0x000001922abbe750
Event: 0.183 Thread 0x000001922ab0c8f0 Thread added: 0x000001924159b540
Event: 0.184 Thread 0x000001922ab0c8f0 Thread added: 0x00000192415a06d0
Event: 0.184 Thread 0x000001922ab0c8f0 Thread added: 0x00000192415a1130
Event: 0.184 Thread 0x000001922ab0c8f0 Thread added: 0x00000192839f1f70
Event: 0.184 Thread 0x000001922ab0c8f0 Thread added: 0x00000192415ac740
Event: 0.184 Thread 0x000001922ab0c8f0 Thread added: 0x0000019283a0d670
Event: 0.184 Thread 0x000001922ab0c8f0 Thread added: 0x0000019283a0ddd0
Event: 0.213 Thread 0x0000019283a0ddd0 Thread added: 0x0000019283ac1be0
Event: 0.230 Thread 0x000001922ab0c8f0 Thread added: 0x00000192415ab390
Event: 0.566 Thread 0x000001922ab0c8f0 Thread added: 0x00000192415adaf0


Dynamic libraries:
0x00007ff6783c0000 - 0x00007ff6783ce000 	c:\Users\rautv\.vscode\extensions\redhat.java-1.55.0-win32-x64\jre\21.0.11-win32-x86_64\bin\java.exe
0x00007ffd04080000 - 0x00007ffd042e6000 	C:\WINDOWS\SYSTEM32\ntdll.dll
0x00007ffd032a0000 - 0x00007ffd03369000 	C:\WINDOWS\System32\KERNEL32.DLL
0x00007ffd01470000 - 0x00007ffd0186a000 	C:\WINDOWS\System32\KERNELBASE.dll
0x00007ffcfb5c0000 - 0x00007ffcfb660000 	C:\WINDOWS\SYSTEM32\apphelp.dll
0x00007ffd01a60000 - 0x00007ffd01bac000 	C:\WINDOWS\System32\ucrtbase.dll
0x00007ffcedea0000 - 0x00007ffcedeb8000 	c:\Users\rautv\.vscode\extensions\redhat.java-1.55.0-win32-x64\jre\21.0.11-win32-x86_64\bin\jli.dll
0x00007ffcedd20000 - 0x00007ffcedd3e000 	c:\Users\rautv\.vscode\extensions\redhat.java-1.55.0-win32-x64\jre\21.0.11-win32-x86_64\bin\VCRUNTIME140.dll
0x00007ffd02ee0000 - 0x00007ffd030a7000 	C:\WINDOWS\System32\USER32.dll
0x00007ffd01900000 - 0x00007ffd01927000 	C:\WINDOWS\System32\win32u.dll
0x00007ffce7310000 - 0x00007ffce75a2000 	C:\WINDOWS\WinSxS\amd64_microsoft.windows.common-controls_6595b64144ccf1df_6.0.26100.8521_none_3e08b75ce33403b3\COMCTL32.dll
0x00007ffd03950000 - 0x00007ffd0397b000 	C:\WINDOWS\System32\GDI32.dll
0x00007ffd01930000 - 0x00007ffd01a5b000 	C:\WINDOWS\System32\gdi32full.dll
0x00007ffd03a50000 - 0x00007ffd03af9000 	C:\WINDOWS\System32\msvcrt.dll
0x00007ffd013c0000 - 0x00007ffd01463000 	C:\WINDOWS\System32\msvcp_win.dll
0x00007ffd03a10000 - 0x00007ffd03a42000 	C:\WINDOWS\System32\IMM32.DLL
0x00007ffcef150000 - 0x00007ffcef15c000 	c:\Users\rautv\.vscode\extensions\redhat.java-1.55.0-win32-x64\jre\21.0.11-win32-x86_64\bin\vcruntime140_1.dll
0x00007ffc8fdf0000 - 0x00007ffc8fe7d000 	c:\Users\rautv\.vscode\extensions\redhat.java-1.55.0-win32-x64\jre\21.0.11-win32-x86_64\bin\msvcp140.dll
0x00007ffc85820000 - 0x00007ffc865c2000 	c:\Users\rautv\.vscode\extensions\redhat.java-1.55.0-win32-x64\jre\21.0.11-win32-x86_64\bin\server\jvm.dll
0x00007ffd030b0000 - 0x00007ffd03166000 	C:\WINDOWS\System32\ADVAPI32.dll
0x00007ffd02df0000 - 0x00007ffd02e9a000 	C:\WINDOWS\System32\sechost.dll
0x00007ffd03170000 - 0x00007ffd03288000 	C:\WINDOWS\System32\RPCRT4.dll
0x00007ffd03980000 - 0x00007ffd03a00000 	C:\WINDOWS\System32\WS2_32.dll
0x00007ffd01170000 - 0x00007ffd011ce000 	C:\WINDOWS\SYSTEM32\POWRPROF.dll
0x00007ffcf4b70000 - 0x00007ffcf4ba6000 	C:\WINDOWS\SYSTEM32\WINMM.dll
0x00007ffce88e0000 - 0x00007ffce88eb000 	C:\WINDOWS\SYSTEM32\VERSION.dll
0x00007ffd01150000 - 0x00007ffd01164000 	C:\WINDOWS\SYSTEM32\UMPDC.dll
0x00007ffd000a0000 - 0x00007ffd000bb000 	C:\WINDOWS\SYSTEM32\kernel.appcore.dll
0x00007ffcedcb0000 - 0x00007ffcedcba000 	c:\Users\rautv\.vscode\extensions\redhat.java-1.55.0-win32-x64\jre\21.0.11-win32-x86_64\bin\jimage.dll
0x00007ffcfeba0000 - 0x00007ffcfede2000 	C:\WINDOWS\SYSTEM32\DBGHELP.DLL
0x00007ffd03cb0000 - 0x00007ffd04033000 	C:\WINDOWS\System32\combase.dll
0x00007ffd02460000 - 0x00007ffd02539000 	C:\WINDOWS\System32\OLEAUT32.dll
0x00007ffce1d80000 - 0x00007ffce1dbb000 	C:\WINDOWS\SYSTEM32\dbgcore.DLL
0x00007ffd01310000 - 0x00007ffd013b8000 	C:\WINDOWS\System32\bcryptPrimitives.dll
0x00007ffced7e0000 - 0x00007ffced7ef000 	c:\Users\rautv\.vscode\extensions\redhat.java-1.55.0-win32-x64\jre\21.0.11-win32-x86_64\bin\instrument.dll
0x00007ffcdbba0000 - 0x00007ffcdbbc0000 	c:\Users\rautv\.vscode\extensions\redhat.java-1.55.0-win32-x64\jre\21.0.11-win32-x86_64\bin\java.dll
0x00007ffd02660000 - 0x00007ffd02de4000 	C:\WINDOWS\System32\SHELL32.dll
0x00007ffcfeef0000 - 0x00007ffcff770000 	C:\WINDOWS\SYSTEM32\windows.storage.dll
0x00007ffd02540000 - 0x00007ffd02636000 	C:\WINDOWS\System32\SHCORE.dll
0x00007ffd03c40000 - 0x00007ffd03ca7000 	C:\WINDOWS\System32\shlwapi.dll
0x00007ffd01230000 - 0x00007ffd01259000 	C:\WINDOWS\SYSTEM32\profapi.dll
0x00007ffccdfc0000 - 0x00007ffccdfd8000 	c:\Users\rautv\.vscode\extensions\redhat.java-1.55.0-win32-x64\jre\21.0.11-win32-x86_64\bin\zip.dll
0x00007ffced590000 - 0x00007ffced5a0000 	C:\Users\rautv\.vscode\extensions\redhat.java-1.55.0-win32-x64\jre\21.0.11-win32-x86_64\bin\net.dll
0x00007ffcf6c60000 - 0x00007ffcf6d89000 	C:\WINDOWS\SYSTEM32\WINHTTP.dll
0x00007ffd00610000 - 0x00007ffd0067c000 	C:\WINDOWS\system32\mswsock.dll
0x00007ffccdea0000 - 0x00007ffccdeb6000 	C:\Users\rautv\.vscode\extensions\redhat.java-1.55.0-win32-x64\jre\21.0.11-win32-x86_64\bin\nio.dll
0x00007ffced3b0000 - 0x00007ffced3c0000 	c:\Users\rautv\.vscode\extensions\redhat.java-1.55.0-win32-x64\jre\21.0.11-win32-x86_64\bin\verify.dll

JVMTI agents:
c:\Users\rautv\.vscode\extensions\redhat.java-1.55.0-win32-x64\lombok\lombok-1.18.39-4050.jar path:c:\Users\rautv\.vscode\extensions\redhat.java-1.55.0-win32-x64\jre\21.0.11-win32-x86_64\bin\instrument.dll, loaded, initialized, instrumentlib options:none

dbghelp: loaded successfully - version: 4.0.5 - missing functions: none
symbol engine: initialized successfully - sym options: 0x614 - pdb path: .;c:\Users\rautv\.vscode\extensions\redhat.java-1.55.0-win32-x64\jre\21.0.11-win32-x86_64\bin;C:\WINDOWS\SYSTEM32;C:\WINDOWS\WinSxS\amd64_microsoft.windows.common-controls_6595b64144ccf1df_6.0.26100.8521_none_3e08b75ce33403b3;c:\Users\rautv\.vscode\extensions\redhat.java-1.55.0-win32-x64\jre\21.0.11-win32-x86_64\bin\server

VM Arguments:
jvm_args: --add-modules=ALL-SYSTEM --add-opens=java.base/java.util=ALL-UNNAMED --add-opens=java.base/java.lang=ALL-UNNAMED --add-opens=java.base/sun.nio.fs=ALL-UNNAMED -Declipse.application=org.eclipse.jdt.ls.core.id1 -Dosgi.bundles.defaultStartLevel=4 -Declipse.product=org.eclipse.jdt.ls.core.product -Djava.import.generatesMetadataFilesAtProjectRoot=false -DDetectVMInstallationsJob.disabled=true -Dfile.encoding=utf8 -XX:+UseParallelGC -XX:GCTimeRatio=4 -XX:AdaptiveSizePolicyWeight=90 -Dsun.zip.disableMemoryMapping=true -Xmx2G -Xms100m -Xlog:disable -javaagent:c:\Users\rautv\.vscode\extensions\redhat.java-1.55.0-win32-x64\lombok\lombok-1.18.39-4050.jar 
java_command: c:\Users\rautv\.vscode\extensions\redhat.java-1.55.0-win32-x64\server\plugins\org.eclipse.equinox.launcher_1.7.200.v20260619-2039.jar -configuration c:\Users\rautv\AppData\Roaming\Code\User\globalStorage\redhat.java\1.55.0\config_ss_win -data c:\Users\rautv\AppData\Roaming\Code\User\workspaceStorage\4e726a83e9edff56fa38851935d9ae06\redhat.java\ss_ws --pipe=\\.\pipe\lsp-125589e67925cecdca1f732be69eb8d6-sock
java_class_path (initial): c:\Users\rautv\.vscode\extensions\redhat.java-1.55.0-win32-x64\server\plugins\org.eclipse.equinox.launcher_1.7.200.v20260619-2039.jar
Launcher Type: SUN_STANDARD

[Global flags]
    uintx AdaptiveSizePolicyWeight                 = 90                                        {product} {command line}
     intx CICompilerCount                          = 4                                         {product} {ergonomic}
    uintx GCTimeRatio                              = 4                                         {product} {command line}
   size_t InitialHeapSize                          = 104857600                                 {product} {command line}
   size_t MaxHeapSize                              = 2147483648                                {product} {command line}
   size_t MaxNewSize                               = 715653120                                 {product} {ergonomic}
   size_t MinHeapDeltaBytes                        = 524288                                    {product} {ergonomic}
   size_t MinHeapSize                              = 104857600                                 {product} {command line}
   size_t NewSize                                  = 34603008                                  {product} {ergonomic}
    uintx NonNMethodCodeHeapSize                   = 5839372                                {pd product} {ergonomic}
    uintx NonProfiledCodeHeapSize                  = 122909434                              {pd product} {ergonomic}
   size_t OldSize                                  = 70254592                                  {product} {ergonomic}
    uintx ProfiledCodeHeapSize                     = 122909434                              {pd product} {ergonomic}
    uintx ReservedCodeCacheSize                    = 251658240                              {pd product} {ergonomic}
     bool SegmentedCodeCache                       = true                                      {product} {ergonomic}
   size_t SoftMaxHeapSize                          = 2147483648                             {manageable} {ergonomic}
     bool UseCompressedOops                        = true                           {product lp64_product} {ergonomic}
     bool UseLargePagesIndividualAllocation        = false                                  {pd product} {ergonomic}
     bool UseParallelGC                            = true                                      {product} {command line}

Logging:
Log output configuration:
 #0: stdout all=off uptime,level,tags foldmultilines=false
 #1: stderr all=off uptime,level,tags foldmultilines=false

Release file:
JAVA_VERSION="21.0.11" 
MODULES="java.base java.compiler java.datatransfer java.xml java.prefs java.desktop java.instrument java.logging java.management java.security.sasl java.naming java.rmi java.management.rmi java.net.http java.scripting java.security.jgss java.transaction.xa java.sql java.sql.rowset java.xml.crypto java.se java.smartcardio jdk.accessibility jdk.internal.jvmstat jdk.attach jdk.charsets jdk.internal.opt jdk.zipfs jdk.compiler jdk.crypto.ec jdk.crypto.cryptoki jdk.crypto.mscapi jdk.dynalink jdk.internal.ed jdk.editpad jdk.hotspot.agent jdk.httpserver jdk.internal.le jdk.internal.vm.ci jdk.internal.vm.compiler jdk.internal.vm.compiler.management jdk.jartool jdk.javadoc jdk.jcmd jdk.management jdk.management.agent jdk.jconsole jdk.jdeps jdk.jdwp.agent jdk.jdi jdk.jfr jdk.jshell jdk.jsobject jdk.jstatd jdk.localedata jdk.management.jfr jdk.naming.dns jdk.naming.rmi jdk.net jdk.nio.mapmode jdk.random jdk.sctp jdk.security.auth jdk.security.jgss jdk.unsupported jdk.unsupported.desktop jdk.xml.dom" 

Environment Variables:
PATH=C:\Users\rautv\AppData\Local\Programs\Python\Python314\Scripts\;C:\Users\rautv\AppData\Local\Programs\Python\Python314\;C:\Program Files\Common Files\Oracle\Java\javapath;C:\Program Files\Microsoft MPI\Bin\;C:\WINDOWS\system32;C:\WINDOWS;C:\WINDOWS\System32\Wbem;C:\WINDOWS\System32\WindowsPowerShell\v1.0\;C:\WINDOWS\System32\OpenSSH\;C:\ProgramData\chocolatey\bin;C:\Program Files\Git\cmd;C:\Program Files\Git\mingw64\bin;C:\Program Files\Git\usr\bin;C:\Program Files (x86)\Microsoft SQL Server\160\Tools\Binn\;C:\Program Files\Microsoft SQL Server\160\Tools\Binn\;C:\Program Files\Microsoft SQL Server\Client SDK\ODBC\170\Tools\Binn\;C:\Program Files\Microsoft SQL Server\160\DTS\Binn\;C:\Program Files (x86)\Microsoft SQL Server\160\DTS\Binn\;C:\Program Files\Java\jdk-23\bin;C:\Program Files\dotnet\;C:\Program Files\Microsoft SQL Server\150\Tools\Binn\;C:\Program Files\nodejs\;C:\Users\rautv\AppData\Local\Programs\Python\Launcher\;C:\Program Files\MySQL\MySQL Shell 8.0\bin\;C:\Users\rautv\AppData\Local\Microsoft\WindowsApps;C:\Users\rautv\AppData\Local\Programs\Microsoft VS Code\bin;C:\Program Files\JetBrains\IntelliJ IDEA Community Edition 2024.3.5\bin;;C:\Program Files\Java\jdk-23\bin;C:\Users\rautv\.dotnet\tools;C:\Users\rautv\AppData\Roaming\npm;C:\Program Files\JetBrains\IntelliJ IDEA 2025.3.2\bin;C:\Program Files\apache-maven-3.9.12\bin;C:\Program Files\apache-maven-3.9.12;C:\Users\rautv\AppData\Local\Programs\DockerDesktop\resources\bin
USERNAME=rautv
OS=Windows_NT
PROCESSOR_IDENTIFIER=Intel64 Family 6 Model 154 Stepping 4, GenuineIntel
TMP=C:\Users\rautv\AppData\Local\Temp
TEMP=C:\Users\rautv\AppData\Local\Temp




Periodic native trim disabled

---------------  S Y S T E M  ---------------

OS:
 Windows 11 , 64 bit Build 26100 (10.0.26100.8521)
OS uptime: 0 days 20:38 hours

CPU: total 12 (initial active 12) (6 cores per cpu, 2 threads per core) family 6 model 154 stepping 4 microcode 0x424, cx8, cmov, fxsr, ht, mmx, 3dnowpref, sse, sse2, sse3, ssse3, sse4.1, sse4.2, popcnt, lzcnt, tsc, tscinvbit, avx, avx2, aes, erms, clmul, bmi1, bmi2, adx, sha, fma, vzeroupper, clflush, clflushopt, clwb, serialize, rdtscp, rdpid, fsrm, f16c, pku, cet_ibt, cet_ss
Processor Information for the first 12 processors :
  Max Mhz: 1300, Current Mhz: 1300, Mhz Limit: 1300

Memory: 4k page, system-wide physical 16077M (1196M free)
TotalPageFile size 26377M (AvailPageFile size 2M)
current process WorkingSet (physical memory assigned to process): 62M, peak: 62M
current process commit charge ("private bytes"): 237M, peak: 237M

vm_info: OpenJDK 64-Bit Server VM (21.0.11+10-LTS) for windows-amd64 JRE (21.0.11+10-LTS), built on 2026-04-21T00:00:00Z by "admin" with MS VC++ 17.12 (VS2022)

END.
