#
# There is insufficient memory for the Java Runtime Environment to continue.
# Native memory allocation (malloc) failed to allocate 2171376 bytes for Chunk::new
# Possible reasons:
#   The system is out of physical RAM or swap space
#   The process is running with CompressedOops enabled, and the Java Heap may be blocking the growth of the native heap
# Possible solutions:
#   Reduce memory load on the system
#   Increase physical memory or swap space
#   Check if swap backing store is full
#   Decrease Java heap size (-Xmx/-Xms)
#   Decrease number of Java threads
#   Decrease Java thread stack sizes (-Xss)
#   Set larger code cache with -XX:ReservedCodeCacheSize=
#   JVM is running with Zero Based Compressed Oops mode in which the Java heap is
#     placed in the first 32GB address space. The Java Heap base address is the
#     maximum limit for the native heap growth. Please use -XX:HeapBaseMinAddress
#     to set the Java Heap base and to place the Java Heap above 32GB virtual address.
# This output file may be truncated or incomplete.
#
#  Out of Memory Error (arena.cpp:189), pid=35684, tid=7724
#
# JRE version: Java(TM) SE Runtime Environment (17.0.11+7) (build 17.0.11+7-LTS-207)
# Java VM: Java HotSpot(TM) 64-Bit Server VM (17.0.11+7-LTS-207, mixed mode, sharing, tiered, compressed oops, compressed class ptrs, g1 gc, windows-amd64)
# No core dump will be written. Minidumps are not enabled by default on client versions of Windows
#

---------------  S U M M A R Y ------------

Command Line: -javaagent:C:\Program Files\JetBrains\IntelliJ IDEA 2025.3.2\lib\idea_rt.jar=57162 -Dfile.encoding=UTF-8 com.srarts.SrArtsBackendApplication

Host: 12th Gen Intel(R) Core(TM) i5-1235U, 12 cores, 15G,  Windows 11 , 64 bit Build 26100 (10.0.26100.8521)
Time: Mon Aug 24 16:13:31 2026 India Standard Time elapsed time: 11.352753 seconds (0d 0h 0m 11s)

---------------  T H R E A D  ---------------

Current thread (0x00000272915983a0):  JavaThread "C2 CompilerThread2" daemon [_thread_in_native, id=7724, stack(0x000000871b800000,0x000000871b900000)]


Current CompileTask:
C2:  11353 7354       4       org.springframework.asm.Frame::merge (395 bytes)

Stack: [0x000000871b800000,0x000000871b900000]
Native frames: (J=compiled Java code, j=interpreted, Vv=VM code, C=native code)
V  [jvm.dll+0x679cca]
V  [jvm.dll+0x7da13d]
V  [jvm.dll+0x7dba83]
V  [jvm.dll+0x7dc0f3]
V  [jvm.dll+0x2449af]
V  [jvm.dll+0xab83b]
V  [jvm.dll+0xabe1c]
V  [jvm.dll+0x36155f]
V  [jvm.dll+0x32bd61]
V  [jvm.dll+0x32b1fa]
V  [jvm.dll+0x2161df]
V  [jvm.dll+0x21560f]
V  [jvm.dll+0x1a2040]
V  [jvm.dll+0x225a2b]
V  [jvm.dll+0x223bcb]
V  [jvm.dll+0x7903ec]
V  [jvm.dll+0x78a85a]
V  [jvm.dll+0x678bb5]
C  [ucrtbase.dll+0x2cd30]
C  [KERNEL32.DLL+0x2e957]
C  [ntdll.dll+0x87c1c]


---------------  P R O C E S S  ---------------

Threads class SMR info:
_java_thread_list=0x00000272966ebf00, length=23, elements={
0x00000272255a0e60, 0x000002724a58d7d0, 0x000002724a58deb0, 0x000002724a5a2fd0,
0x000002724a5a55c0, 0x000002724a5a5aa0, 0x000002724a5a5f80, 0x000002724a5aaff0,
0x000002724a5ab5c0, 0x000002724a5ac280, 0x000002724a6bd310, 0x000002724a86d6e0,
0x000002724a86dbc0, 0x0000027290351610, 0x0000027290cc0630, 0x0000027292b97c90,
0x0000027292b990d0, 0x0000027292b96850, 0x0000027291597900, 0x00000272915983a0,
0x0000027292b99af0, 0x0000027292b9a000, 0x0000027292b981a0
}

Java Threads: ( => current thread )
  0x00000272255a0e60 JavaThread "main" [_thread_blocked, id=11056, stack(0x0000008719700000,0x0000008719800000)]
  0x000002724a58d7d0 JavaThread "Reference Handler" daemon [_thread_blocked, id=8652, stack(0x0000008719e00000,0x0000008719f00000)]
  0x000002724a58deb0 JavaThread "Finalizer" daemon [_thread_blocked, id=35676, stack(0x0000008719f00000,0x000000871a000000)]
  0x000002724a5a2fd0 JavaThread "Signal Dispatcher" daemon [_thread_blocked, id=32940, stack(0x000000871a000000,0x000000871a100000)]
  0x000002724a5a55c0 JavaThread "Attach Listener" daemon [_thread_blocked, id=388, stack(0x000000871a100000,0x000000871a200000)]
  0x000002724a5a5aa0 JavaThread "Service Thread" daemon [_thread_blocked, id=34236, stack(0x000000871a200000,0x000000871a300000)]
  0x000002724a5a5f80 JavaThread "Monitor Deflation Thread" daemon [_thread_blocked, id=23936, stack(0x000000871a300000,0x000000871a400000)]
  0x000002724a5aaff0 JavaThread "C2 CompilerThread0" daemon [_thread_in_native, id=27832, stack(0x000000871a400000,0x000000871a500000)]
  0x000002724a5ab5c0 JavaThread "C1 CompilerThread0" daemon [_thread_blocked, id=36376, stack(0x000000871a500000,0x000000871a600000)]
  0x000002724a5ac280 JavaThread "Sweeper thread" daemon [_thread_blocked, id=32284, stack(0x000000871a600000,0x000000871a700000)]
  0x000002724a6bd310 JavaThread "Common-Cleaner" daemon [_thread_blocked, id=34772, stack(0x000000871a700000,0x000000871a800000)]
  0x000002724a86d6e0 JavaThread "Monitor Ctrl-Break" daemon [_thread_in_native, id=25184, stack(0x000000871a900000,0x000000871aa00000)]
  0x000002724a86dbc0 JavaThread "Notification Thread" daemon [_thread_blocked, id=35204, stack(0x000000871aa00000,0x000000871ab00000)]
  0x0000027290351610 JavaThread "Thread-0" [_thread_blocked, id=34852, stack(0x000000871b100000,0x000000871b200000)]
  0x0000027290cc0630 JavaThread "restartedMain" [_thread_in_vm, id=12104, stack(0x000000871b200000,0x000000871b300000)]
  0x0000027292b97c90 JavaThread "mysql-cj-abandoned-connection-cleanup" daemon [_thread_blocked, id=10856, stack(0x000000871b700000,0x000000871b800000)]
  0x0000027292b990d0 JavaThread "HikariPool-1:housekeeper" daemon [_thread_blocked, id=36292, stack(0x000000871bc00000,0x000000871bd00000)]
  0x0000027292b96850 JavaThread "HikariPool-1:connection-adder" daemon [_thread_blocked, id=2652, stack(0x000000871bd00000,0x000000871be00000)]
  0x0000027291597900 JavaThread "C2 CompilerThread1" daemon [_thread_in_native, id=15592, stack(0x000000871a800000,0x000000871a900000)]
=>0x00000272915983a0 JavaThread "C2 CompilerThread2" daemon [_thread_in_native, id=7724, stack(0x000000871b800000,0x000000871b900000)]
  0x0000027292b99af0 JavaThread "Catalina-utility-1" [_thread_blocked, id=27124, stack(0x000000871be00000,0x000000871bf00000)]
  0x0000027292b9a000 JavaThread "Catalina-utility-2" [_thread_blocked, id=7740, stack(0x000000871bf00000,0x000000871c000000)]
  0x0000027292b981a0 JavaThread "container-0" [_thread_blocked, id=24044, stack(0x000000871c000000,0x000000871c100000)]

Other Threads:
  0x000002724a580660 VMThread "VM Thread" [stack: 0x0000008719d00000,0x0000008719e00000] [id=35864]
  0x000002722562a040 WatcherThread [stack: 0x000000871ab00000,0x000000871ac00000] [id=24744]
  0x000002722560f040 GCTaskThread "GC Thread#0" [stack: 0x0000008719800000,0x0000008719900000] [id=26556]
  0x0000027290ae94c0 GCTaskThread "GC Thread#1" [stack: 0x000000871ac00000,0x000000871ad00000] [id=1484]
  0x00000272905975a0 GCTaskThread "GC Thread#2" [stack: 0x000000871ad00000,0x000000871ae00000] [id=9556]
  0x0000027290597860 GCTaskThread "GC Thread#3" [stack: 0x000000871ae00000,0x000000871af00000] [id=36596]
  0x0000027290597b20 GCTaskThread "GC Thread#4" [stack: 0x000000871af00000,0x000000871b000000] [id=2932]
  0x0000027290ae57f0 GCTaskThread "GC Thread#5" [stack: 0x000000871b000000,0x000000871b100000] [id=11392]
  0x0000027291021dc0 GCTaskThread "GC Thread#6" [stack: 0x000000871b300000,0x000000871b400000] [id=34452]
  0x0000027291194e30 GCTaskThread "GC Thread#7" [stack: 0x000000871b400000,0x000000871b500000] [id=28708]
  0x0000027290ee3dc0 GCTaskThread "GC Thread#8" [stack: 0x000000871b500000,0x000000871b600000] [id=2920]
  0x0000027290eb1c40 GCTaskThread "GC Thread#9" [stack: 0x000000871b600000,0x000000871b700000] [id=31748]
  0x000002722561fad0 ConcurrentGCThread "G1 Main Marker" [stack: 0x0000008719900000,0x0000008719a00000] [id=37156]
  0x00000272256204e0 ConcurrentGCThread "G1 Conc#0" [stack: 0x0000008719a00000,0x0000008719b00000] [id=29732]
  0x0000027291d5eae0 ConcurrentGCThread "G1 Conc#1" [stack: 0x000000871b900000,0x000000871ba00000] [id=21300]
  0x0000027290f06ba0 ConcurrentGCThread "G1 Conc#2" [stack: 0x000000871ba00000,0x000000871bb00000] [id=26800]
  0x000002724a4375c0 ConcurrentGCThread "G1 Refine#0" [stack: 0x0000008719b00000,0x0000008719c00000] [id=33948]
  0x000002724a43a8d0 ConcurrentGCThread "G1 Service" [stack: 0x0000008719c00000,0x0000008719d00000] [id=30484]

Threads with active compile tasks:
C2 CompilerThread0    11383 6916       4       org.springframework.core.annotation.AnnotatedElementUtils::findMergedAnnotationAttributes (24 bytes)
C2 CompilerThread1    11383 7264       4       org.springframework.asm.Frame::execute (2292 bytes)
C2 CompilerThread2    11383 7354       4       org.springframework.asm.Frame::merge (395 bytes)

VM state: not at safepoint (normal execution)

VM Mutex/Monitor currently owned by a thread: None

Heap address: 0x0000000704c00000, size: 4020 MB, Compressed Oops mode: Zero based, Oop shift amount: 3

CDS archive(s) mapped at: [0x000002724b000000-0x000002724bbd0000-0x000002724bbd0000), size 12386304, SharedBaseAddress: 0x000002724b000000, ArchiveRelocationMode: 1.
Compressed class space mapped at: 0x000002724c000000-0x000002728c000000, reserved size: 1073741824
Narrow klass base: 0x000002724b000000, Narrow klass shift: 0, Narrow klass range: 0x100000000

GC Precious Log:
 CPUs: 12 total, 12 available
 Memory: 16077M
 Large Page Support: Disabled
 NUMA Support: Disabled
 Compressed Oops: Enabled (Zero based)
 Heap Region Size: 2M
 Heap Min Capacity: 8M
 Heap Initial Capacity: 252M
 Heap Max Capacity: 4020M
 Pre-touch: Disabled
 Parallel Workers: 10
 Concurrent Workers: 3
 Concurrent Refinement Workers: 10
 Periodic GC: Disabled

Heap:
 garbage-first heap   total 110592K, used 45644K [0x0000000704c00000, 0x0000000800000000)
  region size 2048K, 10 young (20480K), 4 survivors (8192K)
 Metaspace       used 80280K, committed 80960K, reserved 1179648K
  class space    used 10906K, committed 11264K, reserved 1048576K

Heap Regions: E=young(eden), S=young(survivor), O=old, HS=humongous(starts), HC=humongous(continues), CS=collection set, F=free, OA=open archive, CA=closed archive, TAMS=top-at-mark-start (previous, next)
|   0|0x0000000704c00000, 0x0000000704e00000, 0x0000000704e00000|100%| O|  |TAMS 0x0000000704e00000, 0x0000000704c00000| Untracked 
|   1|0x0000000704e00000, 0x0000000705000000, 0x0000000705000000|100%| O|  |TAMS 0x0000000705000000, 0x0000000704e00000| Untracked 
|   2|0x0000000705000000, 0x0000000705200000, 0x0000000705200000|100%| O|  |TAMS 0x0000000705200000, 0x0000000705000000| Untracked 
|   3|0x0000000705200000, 0x0000000705400000, 0x0000000705400000|100%| O|  |TAMS 0x0000000705400000, 0x0000000705200000| Untracked 
|   4|0x0000000705400000, 0x0000000705600000, 0x0000000705600000|100%| O|  |TAMS 0x0000000705600000, 0x0000000705400000| Untracked 
|   5|0x0000000705600000, 0x0000000705800000, 0x0000000705800000|100%| O|  |TAMS 0x0000000705800000, 0x0000000705600000| Untracked 
|   6|0x0000000705800000, 0x0000000705a00000, 0x0000000705a00000|100%| O|  |TAMS 0x0000000705a00000, 0x0000000705800000| Untracked 
|   7|0x0000000705a00000, 0x0000000705c00000, 0x0000000705c00000|100%| O|  |TAMS 0x0000000705a00000, 0x0000000705a00000| Untracked 
|   8|0x0000000705c00000, 0x0000000705e00000, 0x0000000705e00000|100%| O|  |TAMS 0x0000000705e00000, 0x0000000705c00000| Untracked 
|   9|0x0000000705e00000, 0x0000000706000000, 0x0000000706000000|100%| O|  |TAMS 0x0000000706000000, 0x0000000705e00000| Untracked 
|  10|0x0000000706000000, 0x0000000706200000, 0x0000000706200000|100%| O|  |TAMS 0x0000000706200000, 0x0000000706000000| Untracked 
|  11|0x0000000706200000, 0x0000000706400000, 0x0000000706400000|100%| O|  |TAMS 0x0000000706366200, 0x0000000706200000| Untracked 
|  12|0x0000000706400000, 0x0000000706600000, 0x0000000706600000|100%| O|  |TAMS 0x0000000706400000, 0x0000000706400000| Untracked 
|  13|0x0000000706600000, 0x00000007067f0400, 0x0000000706800000| 96%| O|  |TAMS 0x0000000706600000, 0x0000000706600000| Untracked 
|  14|0x0000000706800000, 0x0000000706800000, 0x0000000706a00000|  0%| F|  |TAMS 0x0000000706800000, 0x0000000706800000| Untracked 
|  15|0x0000000706a00000, 0x0000000706a00000, 0x0000000706c00000|  0%| F|  |TAMS 0x0000000706a00000, 0x0000000706a00000| Untracked 
|  16|0x0000000706c00000, 0x0000000706c00000, 0x0000000706e00000|  0%| F|  |TAMS 0x0000000706c00000, 0x0000000706c00000| Untracked 
|  17|0x0000000706e00000, 0x0000000706e00000, 0x0000000707000000|  0%| F|  |TAMS 0x0000000706e00000, 0x0000000706e00000| Untracked 
|  18|0x0000000707000000, 0x0000000707000000, 0x0000000707200000|  0%| F|  |TAMS 0x0000000707000000, 0x0000000707000000| Untracked 
|  19|0x0000000707200000, 0x0000000707200000, 0x0000000707400000|  0%| F|  |TAMS 0x0000000707200000, 0x0000000707200000| Untracked 
|  20|0x0000000707400000, 0x0000000707400000, 0x0000000707600000|  0%| F|  |TAMS 0x0000000707400000, 0x0000000707400000| Untracked 
|  21|0x0000000707600000, 0x0000000707600000, 0x0000000707800000|  0%| F|  |TAMS 0x0000000707600000, 0x0000000707600000| Untracked 
|  22|0x0000000707800000, 0x0000000707800000, 0x0000000707a00000|  0%| F|  |TAMS 0x0000000707800000, 0x0000000707800000| Untracked 
|  23|0x0000000707a00000, 0x0000000707aa2f00, 0x0000000707c00000| 31%| S|CS|TAMS 0x0000000707a00000, 0x0000000707a00000| Complete 
|  24|0x0000000707c00000, 0x0000000707e00000, 0x0000000707e00000|100%| S|CS|TAMS 0x0000000707c00000, 0x0000000707c00000| Complete 
|  25|0x0000000707e00000, 0x0000000708000000, 0x0000000708000000|100%| S|CS|TAMS 0x0000000707e00000, 0x0000000707e00000| Complete 
|  26|0x0000000708000000, 0x0000000708200000, 0x0000000708200000|100%| S|CS|TAMS 0x0000000708000000, 0x0000000708000000| Complete 
|  27|0x0000000708200000, 0x0000000708200000, 0x0000000708400000|  0%| F|  |TAMS 0x0000000708200000, 0x0000000708200000| Untracked 
|  28|0x0000000708400000, 0x0000000708400000, 0x0000000708600000|  0%| F|  |TAMS 0x0000000708400000, 0x0000000708400000| Untracked 
|  29|0x0000000708600000, 0x0000000708600000, 0x0000000708800000|  0%| F|  |TAMS 0x0000000708600000, 0x0000000708600000| Untracked 
|  30|0x0000000708800000, 0x0000000708800000, 0x0000000708a00000|  0%| F|  |TAMS 0x0000000708800000, 0x0000000708800000| Untracked 
|  31|0x0000000708a00000, 0x0000000708a00000, 0x0000000708c00000|  0%| F|  |TAMS 0x0000000708a00000, 0x0000000708a00000| Untracked 
|  32|0x0000000708c00000, 0x0000000708c00000, 0x0000000708e00000|  0%| F|  |TAMS 0x0000000708c00000, 0x0000000708c00000| Untracked 
|  33|0x0000000708e00000, 0x0000000708e00000, 0x0000000709000000|  0%| F|  |TAMS 0x0000000708e00000, 0x0000000708e00000| Untracked 
|  34|0x0000000709000000, 0x0000000709000000, 0x0000000709200000|  0%| F|  |TAMS 0x0000000709000000, 0x0000000709000000| Untracked 
|  35|0x0000000709200000, 0x0000000709200000, 0x0000000709400000|  0%| F|  |TAMS 0x0000000709200000, 0x0000000709200000| Untracked 
|  36|0x0000000709400000, 0x0000000709400000, 0x0000000709600000|  0%| F|  |TAMS 0x0000000709400000, 0x0000000709400000| Untracked 
|  37|0x0000000709600000, 0x0000000709600000, 0x0000000709800000|  0%| F|  |TAMS 0x0000000709600000, 0x0000000709600000| Untracked 
|  38|0x0000000709800000, 0x0000000709800000, 0x0000000709a00000|  0%| F|  |TAMS 0x0000000709800000, 0x0000000709800000| Untracked 
|  39|0x0000000709a00000, 0x0000000709a00000, 0x0000000709c00000|  0%| F|  |TAMS 0x0000000709a00000, 0x0000000709a00000| Untracked 
|  40|0x0000000709c00000, 0x0000000709c00000, 0x0000000709e00000|  0%| F|  |TAMS 0x0000000709c00000, 0x0000000709c00000| Untracked 
|  41|0x0000000709e00000, 0x0000000709e00000, 0x000000070a000000|  0%| F|  |TAMS 0x0000000709e00000, 0x0000000709e00000| Untracked 
|  42|0x000000070a000000, 0x000000070a000000, 0x000000070a200000|  0%| F|  |TAMS 0x000000070a000000, 0x000000070a000000| Untracked 
|  43|0x000000070a200000, 0x000000070a200000, 0x000000070a400000|  0%| F|  |TAMS 0x000000070a200000, 0x000000070a200000| Untracked 
|  44|0x000000070a400000, 0x000000070a400000, 0x000000070a600000|  0%| F|  |TAMS 0x000000070a400000, 0x000000070a400000| Untracked 
|  45|0x000000070a600000, 0x000000070a600000, 0x000000070a800000|  0%| F|  |TAMS 0x000000070a600000, 0x000000070a600000| Untracked 
|  46|0x000000070a800000, 0x000000070a800000, 0x000000070aa00000|  0%| F|  |TAMS 0x000000070a800000, 0x000000070a800000| Untracked 
|  47|0x000000070aa00000, 0x000000070aa00000, 0x000000070ac00000|  0%| F|  |TAMS 0x000000070aa00000, 0x000000070aa00000| Untracked 
|  48|0x000000070ac00000, 0x000000070adf2658, 0x000000070ae00000| 97%| E|  |TAMS 0x000000070ac00000, 0x000000070ac00000| Complete 
|  49|0x000000070ae00000, 0x000000070b000000, 0x000000070b000000|100%| E|CS|TAMS 0x000000070ae00000, 0x000000070ae00000| Complete 
|  50|0x000000070b000000, 0x000000070b200000, 0x000000070b200000|100%| E|CS|TAMS 0x000000070b000000, 0x000000070b000000| Complete 
|  51|0x000000070b200000, 0x000000070b400000, 0x000000070b400000|100%| E|CS|TAMS 0x000000070b200000, 0x000000070b200000| Complete 
|  72|0x000000070dc00000, 0x000000070de00000, 0x000000070de00000|100%| E|CS|TAMS 0x000000070dc00000, 0x000000070dc00000| Complete 
| 125|0x0000000714600000, 0x0000000714800000, 0x0000000714800000|100%| E|CS|TAMS 0x0000000714600000, 0x0000000714600000| Complete 

Card table byte_map: [0x000002723eaf0000,0x000002723f2d0000] _byte_map_base: 0x000002723b2ca000

Marking Bits (Prev, Next): (CMBitMap*) 0x000002722560f6a0, (CMBitMap*) 0x000002722560f660
 Prev Bits: [0x0000027243980000, 0x0000027247850000)
 Next Bits: [0x000002723fab0000, 0x0000027243980000)

Polling page: 0x0000027225660000

Metaspace:

Usage:
  Non-class:     67.75 MB used.
      Class:     10.65 MB used.
       Both:     78.40 MB used.

Virtual space:
  Non-class space:      128.00 MB reserved,      68.06 MB ( 53%) committed,  2 nodes.
      Class space:        1.00 GB reserved,      11.00 MB (  1%) committed,  1 nodes.
             Both:        1.12 GB reserved,      79.06 MB (  7%) committed. 

Chunk freelists:
   Non-Class:  11.97 MB
       Class:  5.00 MB
        Both:  16.97 MB

MaxMetaspaceSize: unlimited
CompressedClassSpaceSize: 1.00 GB
Initial GC threshold: 21.00 MB
Current GC threshold: 98.88 MB
CDS: on
MetaspaceReclaimPolicy: balanced
 - commit_granule_bytes: 65536.
 - commit_granule_words: 8192.
 - virtual_space_node_default_size: 8388608.
 - enlarge_chunks_in_place: 1.
 - new_chunks_are_fully_committed: 0.
 - uncommit_free_chunks: 1.
 - use_allocation_guard: 0.
 - handle_deallocations: 1.


Internal statistics:

num_allocs_failed_limit: 9.
num_arena_births: 964.
num_arena_deaths: 0.
num_vsnodes_births: 3.
num_vsnodes_deaths: 0.
num_space_committed: 1265.
num_space_uncommitted: 0.
num_chunks_returned_to_freelist: 9.
num_chunks_taken_from_freelist: 4030.
num_chunk_merges: 6.
num_chunk_splits: 2931.
num_chunks_enlarged: 2287.
num_inconsistent_stats: 0.

CodeHeap 'non-profiled nmethods': size=120000Kb used=4742Kb max_used=4742Kb free=115257Kb
 bounds [0x0000027236150000, 0x0000027236600000, 0x000002723d680000]
CodeHeap 'profiled nmethods': size=120000Kb used=13400Kb max_used=13400Kb free=106599Kb
 bounds [0x000002722e680000, 0x000002722f3a0000, 0x0000027235bb0000]
CodeHeap 'non-nmethods': size=5760Kb used=1364Kb max_used=1435Kb free=4395Kb
 bounds [0x0000027235bb0000, 0x0000027235e20000, 0x0000027236150000]
 total_blobs=7432 nmethods=6735 adapters=608
 compilation: enabled
              stopped_count=0, restarted_count=0
 full_count=0

Compilation events (20 events):
Event: 11.339 Thread 0x000002724a5ab5c0 7514       2       org.springframework.core.MethodParameter::withContainingClass (17 bytes)
Event: 11.340 Thread 0x000002724a5ab5c0 nmethod 7514 0x000002722f38ec90 code [0x000002722f38ee40, 0x000002722f38f0c8]
Event: 11.340 Thread 0x000002724a5ab5c0 7515       2       org.springframework.beans.TypeConverterDelegate::<init> (15 bytes)
Event: 11.340 Thread 0x000002724a5ab5c0 nmethod 7515 0x000002722f38f190 code [0x000002722f38f320, 0x000002722f38f4f8]
Event: 11.340 Thread 0x000002724a5ab5c0 7516       2       org.springframework.beans.TypeConverterSupport::<init> (5 bytes)
Event: 11.340 Thread 0x000002724a5ab5c0 nmethod 7516 0x000002722f38f590 code [0x000002722f38f720, 0x000002722f38f838]
Event: 11.340 Thread 0x000002724a5ab5c0 7517       2       org.springframework.beans.PropertyEditorRegistrySupport::<init> (15 bytes)
Event: 11.341 Thread 0x000002724a5ab5c0 nmethod 7517 0x000002722f38f910 code [0x000002722f38faa0, 0x000002722f38fbb8]
Event: 11.342 Thread 0x000002724a5ab5c0 7518       2       org.springframework.web.context.support.ServletContextAwareProcessor::postProcessAfterInitialization (2 bytes)
Event: 11.342 Thread 0x000002724a5ab5c0 nmethod 7518 0x000002722f38fc90 code [0x000002722f38fe20, 0x000002722f38ff38]
Event: 11.342 Thread 0x000002724a5ab5c0 7519       2       org.springframework.context.support.ApplicationListenerDetector::postProcessAfterInitialization (109 bytes)
Event: 11.343 Thread 0x000002724a5ab5c0 nmethod 7519 0x000002722f390010 code [0x000002722f390260, 0x000002722f3908e8]
Event: 11.345 Thread 0x000002724a5ab5c0 7520       2       org.springframework.aop.framework.autoproxy.AbstractAutoProxyCreator::isInfrastructureClass (78 bytes)
Event: 11.346 Thread 0x000002724a5ab5c0 nmethod 7520 0x000002722f390d10 code [0x000002722f390f20, 0x000002722f391218]
Event: 11.348 Thread 0x000002724a5aaff0 nmethod 7138 0x00000272365e3d90 code [0x00000272365e4320, 0x00000272365eaf58]
Event: 11.348 Thread 0x000002724a5ab5c0 7521       2       org.springframework.beans.PropertyEditorRegistrySupport::useConfigValueEditors (6 bytes)
Event: 11.348 Thread 0x000002724a5aaff0 7319       4       org.springframework.asm.Frame::push (109 bytes)
Event: 11.348 Thread 0x000002724a5ab5c0 nmethod 7521 0x000002722f391410 code [0x000002722f3915a0, 0x000002722f3916b8]
Event: 11.348 Thread 0x000002724a5ab5c0 7522       2       org.springframework.beans.factory.support.AbstractBeanFactory$BeanFactoryDefaultEditorRegistrar::<init> (10 bytes)
Event: 11.348 Thread 0x000002724a5ab5c0 nmethod 7522 0x000002722f391790 code [0x000002722f391920, 0x000002722f391a78]

GC Heap History (20 events):
Event: 3.179 GC heap before
{Heap before GC invocations=6 (full 0):
 garbage-first heap   total 55296K, used 34833K [0x0000000704c00000, 0x0000000800000000)
  region size 2048K, 10 young (20480K), 1 survivors (2048K)
 Metaspace       used 28555K, committed 28928K, reserved 1114112K
  class space    used 3641K, committed 3776K, reserved 1048576K
}
Event: 3.181 GC heap after
{Heap after GC invocations=7 (full 0):
 garbage-first heap   total 55296K, used 17201K [0x0000000704c00000, 0x0000000800000000)
  region size 2048K, 1 young (2048K), 1 survivors (2048K)
 Metaspace       used 28555K, committed 28928K, reserved 1114112K
  class space    used 3641K, committed 3776K, reserved 1048576K
}
Event: 3.713 GC heap before
{Heap before GC invocations=7 (full 0):
 garbage-first heap   total 55296K, used 37681K [0x0000000704c00000, 0x0000000800000000)
  region size 2048K, 11 young (22528K), 1 survivors (2048K)
 Metaspace       used 31309K, committed 31744K, reserved 1114112K
  class space    used 3979K, committed 4224K, reserved 1048576K
}
Event: 3.716 GC heap after
{Heap after GC invocations=8 (full 0):
 garbage-first heap   total 55296K, used 18567K [0x0000000704c00000, 0x0000000800000000)
  region size 2048K, 2 young (4096K), 2 survivors (4096K)
 Metaspace       used 31309K, committed 31744K, reserved 1114112K
  class space    used 3979K, committed 4224K, reserved 1048576K
}
Event: 4.251 GC heap before
{Heap before GC invocations=8 (full 0):
 garbage-first heap   total 55296K, used 36999K [0x0000000704c00000, 0x0000000800000000)
  region size 2048K, 11 young (22528K), 2 survivors (4096K)
 Metaspace       used 33660K, committed 34048K, reserved 1114112K
  class space    used 4287K, committed 4480K, reserved 1048576K
}
Event: 4.254 GC heap after
{Heap after GC invocations=9 (full 0):
 garbage-first heap   total 55296K, used 19965K [0x0000000704c00000, 0x0000000800000000)
  region size 2048K, 2 young (4096K), 2 survivors (4096K)
 Metaspace       used 33660K, committed 34048K, reserved 1114112K
  class space    used 4287K, committed 4480K, reserved 1048576K
}
Event: 4.665 GC heap before
{Heap before GC invocations=9 (full 0):
 garbage-first heap   total 55296K, used 32253K [0x0000000704c00000, 0x0000000800000000)
  region size 2048K, 9 young (18432K), 2 survivors (4096K)
 Metaspace       used 35669K, committed 36096K, reserved 1114112K
  class space    used 4579K, committed 4800K, reserved 1048576K
}
Event: 4.669 GC heap after
{Heap after GC invocations=10 (full 0):
 garbage-first heap   total 55296K, used 21110K [0x0000000704c00000, 0x0000000800000000)
  region size 2048K, 2 young (4096K), 2 survivors (4096K)
 Metaspace       used 35669K, committed 36096K, reserved 1114112K
  class space    used 4579K, committed 4800K, reserved 1048576K
}
Event: 5.264 GC heap before
{Heap before GC invocations=11 (full 0):
 garbage-first heap   total 55296K, used 39542K [0x0000000704c00000, 0x0000000800000000)
  region size 2048K, 11 young (22528K), 2 survivors (4096K)
 Metaspace       used 39247K, committed 39744K, reserved 1114112K
  class space    used 5082K, committed 5312K, reserved 1048576K
}
Event: 5.268 GC heap after
{Heap after GC invocations=12 (full 0):
 garbage-first heap   total 157696K, used 22548K [0x0000000704c00000, 0x0000000800000000)
  region size 2048K, 2 young (4096K), 2 survivors (4096K)
 Metaspace       used 39247K, committed 39744K, reserved 1114112K
  class space    used 5082K, committed 5312K, reserved 1048576K
}
Event: 5.342 GC heap before
{Heap before GC invocations=12 (full 0):
 garbage-first heap   total 157696K, used 24596K [0x0000000704c00000, 0x0000000800000000)
  region size 2048K, 3 young (6144K), 2 survivors (4096K)
 Metaspace       used 39772K, committed 40256K, reserved 1114112K
  class space    used 5134K, committed 5376K, reserved 1048576K
}
Event: 5.347 GC heap after
{Heap after GC invocations=13 (full 0):
 garbage-first heap   total 157696K, used 22518K [0x0000000704c00000, 0x0000000800000000)
  region size 2048K, 1 young (2048K), 1 survivors (2048K)
 Metaspace       used 39772K, committed 40256K, reserved 1114112K
  class space    used 5134K, committed 5376K, reserved 1048576K
}
Event: 8.105 GC heap before
{Heap before GC invocations=13 (full 0):
 garbage-first heap   total 157696K, used 114678K [0x0000000704c00000, 0x0000000800000000)
  region size 2048K, 46 young (94208K), 1 survivors (2048K)
 Metaspace       used 58144K, committed 58752K, reserved 1114112K
  class space    used 7809K, committed 8128K, reserved 1048576K
}
Event: 8.113 GC heap after
{Heap after GC invocations=14 (full 0):
 garbage-first heap   total 157696K, used 28679K [0x0000000704c00000, 0x0000000800000000)
  region size 2048K, 4 young (8192K), 4 survivors (8192K)
 Metaspace       used 58144K, committed 58752K, reserved 1114112K
  class space    used 7809K, committed 8128K, reserved 1048576K
}
Event: 8.253 GC heap before
{Heap before GC invocations=14 (full 0):
 garbage-first heap   total 157696K, used 34823K [0x0000000704c00000, 0x0000000800000000)
  region size 2048K, 8 young (16384K), 4 survivors (8192K)
 Metaspace       used 59924K, committed 60480K, reserved 1114112K
  class space    used 8087K, committed 8384K, reserved 1048576K
}
Event: 8.260 GC heap after
{Heap after GC invocations=15 (full 0):
 garbage-first heap   total 157696K, used 29704K [0x0000000704c00000, 0x0000000800000000)
  region size 2048K, 1 young (2048K), 1 survivors (2048K)
 Metaspace       used 59924K, committed 60480K, reserved 1114112K
  class space    used 8087K, committed 8384K, reserved 1048576K
}
Event: 9.955 GC heap before
{Heap before GC invocations=16 (full 0):
 garbage-first heap   total 110592K, used 99336K [0x0000000704c00000, 0x0000000800000000)
  region size 2048K, 36 young (73728K), 1 survivors (2048K)
 Metaspace       used 74721K, committed 75328K, reserved 1114112K
  class space    used 10249K, committed 10560K, reserved 1048576K
}
Event: 9.959 GC heap after
{Heap after GC invocations=17 (full 0):
 garbage-first heap   total 110592K, used 32218K [0x0000000704c00000, 0x0000000800000000)
  region size 2048K, 2 young (4096K), 2 survivors (4096K)
 Metaspace       used 74721K, committed 75328K, reserved 1114112K
  class space    used 10249K, committed 10560K, reserved 1048576K
}
Event: 11.186 GC heap before
{Heap before GC invocations=17 (full 0):
 garbage-first heap   total 110592K, used 87514K [0x0000000704c00000, 0x0000000800000000)
  region size 2048K, 29 young (59392K), 2 survivors (4096K)
 Metaspace       used 79706K, committed 80320K, reserved 1179648K
  class space    used 10850K, committed 11136K, reserved 1048576K
}
Event: 11.191 GC heap after
{Heap after GC invocations=18 (full 0):
 garbage-first heap   total 110592K, used 35404K [0x0000000704c00000, 0x0000000800000000)
  region size 2048K, 4 young (8192K), 4 survivors (8192K)
 Metaspace       used 79706K, committed 80320K, reserved 1179648K
  class space    used 10850K, committed 11136K, reserved 1048576K
}

Deoptimization events (20 events):
Event: 10.643 Thread 0x0000027290cc0630 DEOPT PACKING pc=0x000002723659428c sp=0x000000871b2fcb70
Event: 10.643 Thread 0x0000027290cc0630 DEOPT UNPACKING pc=0x0000027235c023a3 sp=0x000000871b2fcb28 mode 2
Event: 10.702 Thread 0x0000027290cc0630 Uncommon trap: trap_request=0xffffff45 fr.pc=0x00000272363da524 relative=0x0000000000000084
Event: 10.702 Thread 0x0000027290cc0630 Uncommon trap: reason=unstable_if action=reinterpret pc=0x00000272363da524 method=org.springframework.aop.framework.autoproxy.AbstractAutoProxyCreator.predictBeanType(Ljava/lang/Class;Ljava/lang/String;)Ljava/lang/Class; @ 9 c2
Event: 10.702 Thread 0x0000027290cc0630 DEOPT PACKING pc=0x00000272363da524 sp=0x000000871b2fd0f0
Event: 10.702 Thread 0x0000027290cc0630 DEOPT UNPACKING pc=0x0000027235c023a3 sp=0x000000871b2fd080 mode 2
Event: 10.743 Thread 0x0000027290cc0630 Uncommon trap: trap_request=0x00000442 fr.pc=0x00000272363f4f3c relative=0x0000000000001bbc
Event: 10.743 Thread 0x0000027290cc0630 Uncommon trap: reason=unloaded action=reinterpret pc=0x00000272363f4f3c method=java.lang.Class.createAnnotationData(I)Ljava/lang/Class$AnnotationData; @ 98 c2
Event: 10.743 Thread 0x0000027290cc0630 DEOPT PACKING pc=0x00000272363f4f3c sp=0x000000871b2fc670
Event: 10.743 Thread 0x0000027290cc0630 DEOPT UNPACKING pc=0x0000027235c023a3 sp=0x000000871b2fc618 mode 2
Event: 11.308 Thread 0x0000027290cc0630 DEOPT PACKING pc=0x000002722ee7bd0b sp=0x000000871b2fd500
Event: 11.308 Thread 0x0000027290cc0630 DEOPT UNPACKING pc=0x0000027235c02b43 sp=0x000000871b2fcaa0 mode 0
Event: 11.323 Thread 0x0000027290cc0630 Uncommon trap: trap_request=0xffffff45 fr.pc=0x00000272363766b0 relative=0x0000000000000110
Event: 11.323 Thread 0x0000027290cc0630 Uncommon trap: reason=unstable_if action=reinterpret pc=0x00000272363766b0 method=java.util.Arrays.hashCode([Ljava/lang/Object;)I @ 34 c2
Event: 11.323 Thread 0x0000027290cc0630 DEOPT PACKING pc=0x00000272363766b0 sp=0x000000871b2fd8a0
Event: 11.324 Thread 0x0000027290cc0630 DEOPT UNPACKING pc=0x0000027235c023a3 sp=0x000000871b2fd818 mode 2
Event: 11.324 Thread 0x0000027290cc0630 Uncommon trap: trap_request=0xffffff45 fr.pc=0x00000272363766b0 relative=0x0000000000000110
Event: 11.324 Thread 0x0000027290cc0630 Uncommon trap: reason=unstable_if action=reinterpret pc=0x00000272363766b0 method=java.util.Arrays.hashCode([Ljava/lang/Object;)I @ 34 c2
Event: 11.324 Thread 0x0000027290cc0630 DEOPT PACKING pc=0x00000272363766b0 sp=0x000000871b2fd990
Event: 11.324 Thread 0x0000027290cc0630 DEOPT UNPACKING pc=0x0000027235c023a3 sp=0x000000871b2fd908 mode 2

Classes unloaded (0 events):
No events

Classes redefined (0 events):
No events

Internal exceptions (20 events):
Event: 10.356 Thread 0x0000027290cc0630 Exception <a 'java/lang/reflect/InvocationTargetException'{0x000000070a957b48}> (0x000000070a957b48) 
thrown [s\open\src\hotspot\share\runtime\reflection.cpp, line 1121]
Event: 10.358 Thread 0x0000027290cc0630 Exception <a 'java/lang/reflect/InvocationTargetException'{0x000000070a95ed00}> (0x000000070a95ed00) 
thrown [s\open\src\hotspot\share\runtime\reflection.cpp, line 1121]
Event: 10.453 Thread 0x0000027290cc0630 Exception <a 'java/lang/NoSuchMethodError'{0x000000070a5a8ca8}: 'long java.lang.invoke.DirectMethodHandle$Holder.invokeVirtual(java.lang.Object, java.lang.Object)'> (0x000000070a5a8ca8) 
thrown [s\open\src\hotspot\share\interpreter\linkResolver.cpp, line 759]
Event: 10.460 Thread 0x0000027290cc0630 Exception <a 'java/io/FileNotFoundException'{0x000000070a5d7460}> (0x000000070a5d7460) 
thrown [s\open\src\hotspot\share\prims\jni.cpp, line 516]
Event: 10.514 Thread 0x0000027290cc0630 Exception <a 'java/lang/NoSuchMethodError'{0x000000070a2dbf40}: 'void java.lang.invoke.DirectMethodHandle$Holder.invokeVirtual(java.lang.Object, java.lang.Object, long)'> (0x000000070a2dbf40) 
thrown [s\open\src\hotspot\share\interpreter\linkResolver.cpp, line 759]
Event: 10.651 Thread 0x0000027290cc0630 Exception <a 'java/lang/NoSuchMethodError'{0x0000000709cfe488}: 'int java.lang.invoke.DirectMethodHandle$Holder.invokeStaticInit(java.lang.Object, int, java.lang.Object, java.lang.Object, java.lang.Object, java.lang.Object)'> (0x0000000709cfe488) 
thrown [s\open\src\hotspot\share\interpreter\linkResolver.cpp, line 759]
Event: 10.721 Thread 0x0000027290cc0630 Exception <a 'java/lang/reflect/InvocationTargetException'{0x0000000709b62430}> (0x0000000709b62430) 
thrown [s\open\src\hotspot\share\runtime\reflection.cpp, line 1121]
Event: 10.722 Thread 0x0000027290cc0630 Exception <a 'java/lang/reflect/InvocationTargetException'{0x0000000709b6c190}> (0x0000000709b6c190) 
thrown [s\open\src\hotspot\share\runtime\reflection.cpp, line 1121]
Event: 10.775 Thread 0x0000027290cc0630 Exception <a 'java/lang/reflect/InvocationTargetException'{0x00000007096c8f40}> (0x00000007096c8f40) 
thrown [s\open\src\hotspot\share\runtime\reflection.cpp, line 1121]
Event: 10.779 Thread 0x0000027290cc0630 Exception <a 'java/lang/reflect/InvocationTargetException'{0x00000007096e1a10}> (0x00000007096e1a10) 
thrown [s\open\src\hotspot\share\runtime\reflection.cpp, line 1121]
Event: 10.781 Thread 0x0000027290cc0630 Exception <a 'java/lang/reflect/InvocationTargetException'{0x00000007096ea890}> (0x00000007096ea890) 
thrown [s\open\src\hotspot\share\runtime\reflection.cpp, line 1121]
Event: 10.825 Thread 0x0000027290cc0630 Exception <a 'java/lang/reflect/InvocationTargetException'{0x000000070923d3b8}> (0x000000070923d3b8) 
thrown [s\open\src\hotspot\share\runtime\reflection.cpp, line 1121]
Event: 10.828 Thread 0x0000027290cc0630 Exception <a 'java/lang/reflect/InvocationTargetException'{0x000000070924ccc8}> (0x000000070924ccc8) 
thrown [s\open\src\hotspot\share\runtime\reflection.cpp, line 1121]
Event: 10.829 Thread 0x0000027290cc0630 Exception <a 'java/lang/reflect/InvocationTargetException'{0x0000000709253cc8}> (0x0000000709253cc8) 
thrown [s\open\src\hotspot\share\runtime\reflection.cpp, line 1121]
Event: 10.860 Thread 0x0000027290cc0630 Exception <a 'java/lang/reflect/InvocationTargetException'{0x000000070906a158}> (0x000000070906a158) 
thrown [s\open\src\hotspot\share\runtime\reflection.cpp, line 1121]
Event: 10.863 Thread 0x0000027290cc0630 Exception <a 'java/lang/reflect/InvocationTargetException'{0x000000070907a4a8}> (0x000000070907a4a8) 
thrown [s\open\src\hotspot\share\runtime\reflection.cpp, line 1121]
Event: 10.866 Thread 0x0000027290cc0630 Exception <a 'java/lang/reflect/InvocationTargetException'{0x0000000709083308}> (0x0000000709083308) 
thrown [s\open\src\hotspot\share\runtime\reflection.cpp, line 1121]
Event: 10.871 Thread 0x0000027290cc0630 Exception <a 'java/lang/reflect/InvocationTargetException'{0x000000070908fc00}> (0x000000070908fc00) 
thrown [s\open\src\hotspot\share\runtime\reflection.cpp, line 1121]
Event: 11.323 Thread 0x0000027290cc0630 Implicit null exception at 0x00000272363765ec to 0x0000027236376694
Event: 11.324 Thread 0x0000027290cc0630 Implicit null exception at 0x00000272363765ec to 0x0000027236376694

VM Operations (20 events):
Event: 9.415 Executing VM operation: ICBufferFull
Event: 9.416 Executing VM operation: ICBufferFull done
Event: 9.872 Executing VM operation: HandshakeAllThreads
Event: 9.872 Executing VM operation: HandshakeAllThreads done
Event: 9.955 Executing VM operation: G1CollectForAllocation
Event: 9.959 Executing VM operation: G1CollectForAllocation done
Event: 10.208 Executing VM operation: HandshakeAllThreads
Event: 10.208 Executing VM operation: HandshakeAllThreads done
Event: 10.208 Executing VM operation: HandshakeAllThreads
Event: 10.209 Executing VM operation: HandshakeAllThreads done
Event: 10.404 Executing VM operation: HandshakeAllThreads
Event: 10.404 Executing VM operation: HandshakeAllThreads done
Event: 10.463 Executing VM operation: HandshakeAllThreads
Event: 10.463 Executing VM operation: HandshakeAllThreads done
Event: 10.463 Executing VM operation: HandshakeAllThreads
Event: 10.464 Executing VM operation: HandshakeAllThreads done
Event: 10.477 Executing VM operation: ICBufferFull
Event: 10.477 Executing VM operation: ICBufferFull done
Event: 11.186 Executing VM operation: G1CollectForAllocation
Event: 11.191 Executing VM operation: G1CollectForAllocation done

Events (20 events):
Event: 10.477 Thread 0x000002724a5ac280 flushing nmethod 0x000002722f073210
Event: 10.478 Thread 0x0000027292b99af0 Thread added: 0x0000027292b99af0
Event: 10.481 Thread 0x0000027292b9a000 Thread added: 0x0000027292b9a000
Event: 10.490 Thread 0x0000027292b981a0 Thread added: 0x0000027292b981a0
Event: 10.660 loading class java/lang/invoke/MethodHandleImpl$CountingWrapper$1
Event: 10.660 loading class java/lang/invoke/MethodHandleImpl$CountingWrapper$1 done
Event: 10.678 loading class sun/reflect/ReflectionFactory
Event: 10.678 loading class sun/reflect/ReflectionFactory done
Event: 10.678 loading class sun/reflect/ReflectionFactory$1
Event: 10.678 loading class sun/reflect/ReflectionFactory$1 done
Event: 10.678 loading class java/io/OptionalDataException
Event: 10.679 loading class java/io/OptionalDataException done
Event: 10.679 loading class jdk/internal/reflect/SerializationConstructorAccessorImpl
Event: 10.679 loading class jdk/internal/reflect/SerializationConstructorAccessorImpl done
Event: 10.775 loading class java/util/regex/Pattern$LookBehindEndNode
Event: 10.776 loading class java/util/regex/Pattern$LookBehindEndNode done
Event: 10.776 loading class java/util/regex/Pattern$Behind
Event: 10.776 loading class java/util/regex/Pattern$Behind done
Event: 10.816 loading class java/util/WeakHashMap$KeyIterator
Event: 10.816 loading class java/util/WeakHashMap$KeyIterator done


Dynamic libraries:
0x00007ff759d20000 - 0x00007ff759d30000 	C:\Program Files\Java\jdk-17\bin\java.exe
0x00007ffb72860000 - 0x00007ffb72ac6000 	C:\WINDOWS\SYSTEM32\ntdll.dll
0x00007ffb71250000 - 0x00007ffb71319000 	C:\WINDOWS\System32\KERNEL32.DLL
0x00007ffb6fe30000 - 0x00007ffb7022a000 	C:\WINDOWS\System32\KERNELBASE.dll
0x00007ffb6fcb0000 - 0x00007ffb6fdfc000 	C:\WINDOWS\System32\ucrtbase.dll
0x00007ffb56f20000 - 0x00007ffb56f39000 	C:\Program Files\Java\jdk-17\bin\jli.dll
0x00007ffb56eb0000 - 0x00007ffb56ecb000 	C:\Program Files\Java\jdk-17\bin\VCRUNTIME140.dll
0x00007ffb70fa0000 - 0x00007ffb71056000 	C:\WINDOWS\System32\ADVAPI32.dll
0x00007ffb716e0000 - 0x00007ffb71789000 	C:\WINDOWS\System32\msvcrt.dll
0x00007ffb70ee0000 - 0x00007ffb70f8a000 	C:\WINDOWS\System32\sechost.dll
0x00007ffb71550000 - 0x00007ffb71668000 	C:\WINDOWS\System32\RPCRT4.dll
0x00007ffb707b0000 - 0x00007ffb70977000 	C:\WINDOWS\System32\USER32.dll
0x00007ffb6fe00000 - 0x00007ffb6fe27000 	C:\WINDOWS\System32\win32u.dll
0x00007ffb56fb0000 - 0x00007ffb57242000 	C:\WINDOWS\WinSxS\amd64_microsoft.windows.common-controls_6595b64144ccf1df_6.0.26100.8521_none_3e08b75ce33403b3\COMCTL32.dll
0x00007ffb71b20000 - 0x00007ffb71b4b000 	C:\WINDOWS\System32\GDI32.dll
0x00007ffb6faf0000 - 0x00007ffb6fc1b000 	C:\WINDOWS\System32\gdi32full.dll
0x00007ffb702f0000 - 0x00007ffb70393000 	C:\WINDOWS\System32\msvcp_win.dll
0x00007ffb58450000 - 0x00007ffb5845b000 	C:\WINDOWS\SYSTEM32\VERSION.dll
0x00007ffb70770000 - 0x00007ffb707a2000 	C:\WINDOWS\System32\IMM32.DLL
0x00007ffb591f0000 - 0x00007ffb591fc000 	C:\Program Files\Java\jdk-17\bin\vcruntime140_1.dll
0x00007ffb49cc0000 - 0x00007ffb49d4e000 	C:\Program Files\Java\jdk-17\bin\msvcp140.dll
0x00007ffa988e0000 - 0x00007ffa994c0000 	C:\Program Files\Java\jdk-17\bin\server\jvm.dll
0x00007ffb70f90000 - 0x00007ffb70f98000 	C:\WINDOWS\System32\PSAPI.DLL
0x00007ffb63ac0000 - 0x00007ffb63af6000 	C:\WINDOWS\SYSTEM32\WINMM.dll
0x00007ffb1fcb0000 - 0x00007ffb1fcba000 	C:\WINDOWS\SYSTEM32\WSOCK32.dll
0x00007ffb71060000 - 0x00007ffb710e0000 	C:\WINDOWS\System32\WS2_32.dll
0x00007ffb6e7e0000 - 0x00007ffb6e7fb000 	C:\WINDOWS\SYSTEM32\kernel.appcore.dll
0x00007ffb56fa0000 - 0x00007ffb56faa000 	C:\Program Files\Java\jdk-17\bin\jimage.dll
0x00007ffb6d1b0000 - 0x00007ffb6d3f2000 	C:\WINDOWS\SYSTEM32\DBGHELP.DLL
0x00007ffb71790000 - 0x00007ffb71b13000 	C:\WINDOWS\System32\combase.dll
0x00007ffb71470000 - 0x00007ffb71549000 	C:\WINDOWS\System32\OLEAUT32.dll
0x00007ffb52110000 - 0x00007ffb5214b000 	C:\WINDOWS\SYSTEM32\dbgcore.DLL
0x00007ffb703a0000 - 0x00007ffb70448000 	C:\WINDOWS\System32\bcryptPrimitives.dll
0x00007ffb4f510000 - 0x00007ffb4f51e000 	C:\Program Files\Java\jdk-17\bin\instrument.dll
0x00007ffb4e4a0000 - 0x00007ffb4e4c5000 	C:\Program Files\Java\jdk-17\bin\java.dll
0x00007ffb23b20000 - 0x00007ffb23bf7000 	C:\Program Files\Java\jdk-17\bin\jsvml.dll
0x00007ffb72090000 - 0x00007ffb72814000 	C:\WINDOWS\System32\SHELL32.dll
0x00007ffb6d680000 - 0x00007ffb6df00000 	C:\WINDOWS\SYSTEM32\windows.storage.dll
0x00007ffb71f90000 - 0x00007ffb72086000 	C:\WINDOWS\System32\SHCORE.dll
0x00007ffb71670000 - 0x00007ffb716d7000 	C:\WINDOWS\System32\shlwapi.dll
0x00007ffb6fa10000 - 0x00007ffb6fa39000 	C:\WINDOWS\SYSTEM32\profapi.dll
0x00007ffb49ac0000 - 0x00007ffb49ad8000 	C:\Program Files\Java\jdk-17\bin\zip.dll
0x00007ffb4c000000 - 0x00007ffb4c019000 	C:\Program Files\Java\jdk-17\bin\net.dll
0x00007ffb65c70000 - 0x00007ffb65d99000 	C:\WINDOWS\SYSTEM32\WINHTTP.dll
0x00007ffb6edf0000 - 0x00007ffb6ee5c000 	C:\WINDOWS\system32\mswsock.dll
0x00007ffb4bc00000 - 0x00007ffb4bc16000 	C:\Program Files\Java\jdk-17\bin\nio.dll
0x00007ffb4e600000 - 0x00007ffb4e60a000 	C:\Program Files\Java\jdk-17\bin\management.dll
0x00007ffb4c110000 - 0x00007ffb4c11b000 	C:\Program Files\Java\jdk-17\bin\management_ext.dll
0x00007ffb4f500000 - 0x00007ffb4f50e000 	C:\Program Files\Java\jdk-17\bin\sunmscapi.dll
0x00007ffb70450000 - 0x00007ffb705c8000 	C:\WINDOWS\System32\CRYPT32.dll
0x00007ffb6f2f0000 - 0x00007ffb6f320000 	C:\WINDOWS\SYSTEM32\ncrypt.dll
0x00007ffb6f2a0000 - 0x00007ffb6f2df000 	C:\WINDOWS\SYSTEM32\NTASN1.dll
0x00007ffb6f0d0000 - 0x00007ffb6f0eb000 	C:\WINDOWS\SYSTEM32\CRYPTSP.dll
0x00007ffb6e800000 - 0x00007ffb6e839000 	C:\WINDOWS\system32\rsaenh.dll
0x00007ffb6eea0000 - 0x00007ffb6eed3000 	C:\WINDOWS\SYSTEM32\USERENV.dll
0x00007ffb6f9e0000 - 0x00007ffb6fa0a000 	C:\WINDOWS\SYSTEM32\bcrypt.dll
0x00007ffb6f0f0000 - 0x00007ffb6f0fc000 	C:\WINDOWS\SYSTEM32\CRYPTBASE.dll
0x00007ffb6e2f0000 - 0x00007ffb6e323000 	C:\WINDOWS\SYSTEM32\IPHLPAPI.DLL
0x00007ffb71e20000 - 0x00007ffb71e2a000 	C:\WINDOWS\System32\NSI.dll
0x00007ffb66870000 - 0x00007ffb6688d000 	C:\WINDOWS\SYSTEM32\dhcpcsvc6.DLL
0x00007ffb66780000 - 0x00007ffb667a5000 	C:\WINDOWS\SYSTEM32\dhcpcsvc.DLL
0x00007ffb6e330000 - 0x00007ffb6e47a000 	C:\WINDOWS\SYSTEM32\DNSAPI.dll
0x00007ffb6ebf0000 - 0x00007ffb6ebfd000 	C:\WINDOWS\SYSTEM32\DSPARSE.dll
0x00007ffb65c60000 - 0x00007ffb65c6b000 	C:\Windows\System32\rasadhlp.dll
0x00007ffb66c50000 - 0x00007ffb66cd6000 	C:\WINDOWS\System32\fwpuclnt.dll

dbghelp: loaded successfully - version: 4.0.5 - missing functions: none
symbol engine: initialized successfully - sym options: 0x614 - pdb path: .;C:\Program Files\Java\jdk-17\bin;C:\WINDOWS\SYSTEM32;C:\WINDOWS\WinSxS\amd64_microsoft.windows.common-controls_6595b64144ccf1df_6.0.26100.8521_none_3e08b75ce33403b3;C:\Program Files\Java\jdk-17\bin\server

VM Arguments:
jvm_args: -javaagent:C:\Program Files\JetBrains\IntelliJ IDEA 2025.3.2\lib\idea_rt.jar=57162 -Dfile.encoding=UTF-8 
java_command: com.srarts.SrArtsBackendApplication
java_class_path (initial): C:\Users\rautv\Desktop\ShopApplication\SR-Arts-Backend\sr-arts-backend\target\classes;C:\Users\rautv\.m2\repository\org\springframework\boot\spring-boot-starter-data-jpa\4.0.7\spring-boot-starter-data-jpa-4.0.7.jar;C:\Users\rautv\.m2\repository\org\springframework\boot\spring-boot-starter\4.0.7\spring-boot-starter-4.0.7.jar;C:\Users\rautv\.m2\repository\org\springframework\boot\spring-boot-starter-logging\4.0.7\spring-boot-starter-logging-4.0.7.jar;C:\Users\rautv\.m2\repository\ch\qos\logback\logback-classic\1.5.34\logback-classic-1.5.34.jar;C:\Users\rautv\.m2\repository\ch\qos\logback\logback-core\1.5.34\logback-core-1.5.34.jar;C:\Users\rautv\.m2\repository\org\apache\logging\log4j\log4j-to-slf4j\2.25.4\log4j-to-slf4j-2.25.4.jar;C:\Users\rautv\.m2\repository\org\apache\logging\log4j\log4j-api\2.25.4\log4j-api-2.25.4.jar;C:\Users\rautv\.m2\repository\org\slf4j\jul-to-slf4j\2.0.18\jul-to-slf4j-2.0.18.jar;C:\Users\rautv\.m2\repository\jakarta\annotation\jakarta.annotation-api\3.0.0\jakarta.annotation-api-3.0.0.jar;C:\Users\rautv\.m2\repository\org\yaml\snakeyaml\2.5\snakeyaml-2.5.jar;C:\Users\rautv\.m2\repository\org\springframework\boot\spring-boot-starter-jdbc\4.0.7\spring-boot-starter-jdbc-4.0.7.jar;C:\Users\rautv\.m2\repository\com\zaxxer\HikariCP\7.0.2\HikariCP-7.0.2.jar;C:\Users\rautv\.m2\repository\org\slf4j\slf4j-api\2.0.18\slf4j-api-2.0.18.jar;C:\Users\rautv\.m2\repository\org\springframework\boot\spring-boot-data-jpa\4.0.7\spring-boot-data-jpa-4.0.7.jar;C:\Users\rautv\.m2\repository\org\springframework\boot\spring-boot-data-commons\4.0.7\spring-boot-data-commons-4.0.7.jar;C:\Users\rautv\.m2\repository\org\springframework\boot\spring-boot-persistence\4.0.7\spring-boot-persistence-4.0.7.jar;C:\Users\rautv\.m2\repository\org\springframework\data\spring-data-commons\4.0.6\spring-data-commons-4.0.6.jar;C:\Users\rautv\.m2\repository\org\springframework\boot\spring-boot-hibernate\4.0.7\spring-boot-hibernate-4.0.7.jar;C:\Users\rautv\.m2\
Launcher Type: SUN_STANDARD

[Global flags]
     intx CICompilerCount                          = 4                                         {product} {ergonomic}
     uint ConcGCThreads                            = 3                                         {product} {ergonomic}
     uint G1ConcRefinementThreads                  = 10                                        {product} {ergonomic}
   size_t G1HeapRegionSize                         = 2097152                                   {product} {ergonomic}
    uintx GCDrainStackTargetSize                   = 64                                        {product} {ergonomic}
   size_t InitialHeapSize                          = 264241152                                 {product} {ergonomic}
   size_t MarkStackSize                            = 4194304                                   {product} {ergonomic}
   size_t MaxHeapSize                              = 4215275520                                {product} {ergonomic}
   size_t MaxNewSize                               = 2529165312                                {product} {ergonomic}
   size_t MinHeapDeltaBytes                        = 2097152                                   {product} {ergonomic}
   size_t MinHeapSize                              = 8388608                                   {product} {ergonomic}
    uintx NonNMethodCodeHeapSize                   = 5839372                                {pd product} {ergonomic}
    uintx NonProfiledCodeHeapSize                  = 122909434                              {pd product} {ergonomic}
    uintx ProfiledCodeHeapSize                     = 122909434                              {pd product} {ergonomic}
    uintx ReservedCodeCacheSize                    = 251658240                              {pd product} {ergonomic}
     bool SegmentedCodeCache                       = true                                      {product} {ergonomic}
   size_t SoftMaxHeapSize                          = 4215275520                             {manageable} {ergonomic}
     bool UseCompressedClassPointers               = true                           {product lp64_product} {ergonomic}
     bool UseCompressedOops                        = true                           {product lp64_product} {ergonomic}
     bool UseG1GC                                  = true                                      {product} {ergonomic}
     bool UseLargePagesIndividualAllocation        = false                                  {pd product} {ergonomic}

Logging:
Log output configuration:
 #0: stdout all=warning uptime,level,tags
 #1: stderr all=off uptime,level,tags

Environment Variables:
PATH=C:\Users\rautv\AppData\Local\Programs\Python\Python314\Scripts;C:\Users\rautv\AppData\Local\Programs\Python\Python314;C:\Program Files\Common Files\Oracle\Java\javapath;C:\Program Files\Microsoft MPI\Bin;C:\WINDOWS\system32;C:\WINDOWS;C:\WINDOWS\System32\Wbem;C:\WINDOWS\System32\WindowsPowerShell\v1.0;C:\WINDOWS\System32\OpenSSH;C:\ProgramData\chocolatey\bin;C:\Program Files\Git\cmd;C:\Program Files\Git\mingw64\bin;C:\Program Files\Git\usr\bin;C:\Program Files (x86)\Microsoft SQL Server\160\Tools\Binn;C:\Program Files\Microsoft SQL Server\160\Tools\Binn;C:\Program Files\Microsoft SQL Server\Client SDK\ODBC\170\Tools\Binn;C:\Program Files\Microsoft SQL Server\160\DTS\Binn;C:\Program Files (x86)\Microsoft SQL Server\160\DTS\Binn;C:\Program Files\Java\jdk-23\bin;C:\Program Files\dotnet;C:\Program Files\Microsoft SQL Server\150\Tools\Binn;C:\Program Files\nodejs;E:\Tools\AOMEI Partition Assistant;C:\WINDOWS\System32\WindowsPowerShell\v1.0\;C:\WINDOWS\System32\OpenSSH\;C:\Users\rautv\AppData\Local\Programs\Python\Launcher\;C:\Program Files\MySQL\MySQL Shell 8.0\bin\;C:\Users\rautv\AppData\Local\Microsoft\WindowsApps;C:\Users\rautv\AppData\Local\Programs\Microsoft VS Code\bin;C:\Program Files\JetBrains\IntelliJ IDEA Community Edition 2024.3.5\bin;;C:\Program Files\Java\jdk-23\bin;C:\Users\rautv\.dotnet\tools;C:\Users\rautv\AppData\Roaming\npm;C:\Program Files\JetBrains\IntelliJ IDEA 2025.3.2\bin;C:\Program Files\apache-maven-3.9.12\bin;C:\Program Files\apache-maven-3.9.12;C:\Users\rautv\AppData\Local\Programs\DockerDesktop\resources\bin;
USERNAME=rautv
OS=Windows_NT
PROCESSOR_IDENTIFIER=Intel64 Family 6 Model 154 Stepping 4, GenuineIntel



---------------  S Y S T E M  ---------------

OS:
 Windows 11 , 64 bit Build 26100 (10.0.26100.8521)
OS uptime: 4 days 17:19 hours
Hyper-V role detected

CPU: total 12 (initial active 12) (6 cores per cpu, 2 threads per core) family 6 model 154 stepping 4 microcode 0x424, cx8, cmov, fxsr, ht, mmx, 3dnowpref, sse, sse2, sse3, ssse3, sse4.1, sse4.2, popcnt, lzcnt, tsc, tscinvbit, avx, avx2, aes, erms, clmul, bmi1, bmi2, adx, sha, fma, vzeroupper, clflush, clflushopt, clwb, hv

Memory: 4k page, system-wide physical 16077M (907M free)
TotalPageFile size 30408M (AvailPageFile size 3M)
current process WorkingSet (physical memory assigned to process): 344M, peak: 351M
current process commit charge ("private bytes"): 387M, peak: 416M

vm_info: Java HotSpot(TM) 64-Bit Server VM (17.0.11+7-LTS-207) for windows-amd64 JRE (17.0.11+7-LTS-207), built on Mar 11 2024 19:01:50 by "mach5one" with MS VC++ 17.6 (VS2022)

END.
